Component: ARM Compiler 5.06 update 7 (build 960) Tool: armlink [4d3601]

==============================================================================

Section Cross References

    stm32f10x_adc.o(i.ADC_DeInit) refers to stm32f10x_rcc.o(i.RCC_APB2PeriphResetCmd) for RCC_APB2PeriphResetCmd
    stm32f10x_bkp.o(i.BKP_DeInit) refers to stm32f10x_rcc.o(i.RCC_BackupResetCmd) for RCC_BackupResetCmd
    stm32f10x_can.o(i.CAN_DeInit) refers to stm32f10x_rcc.o(i.RCC_APB1PeriphResetCmd) for RCC_APB1PeriphResetCmd
    stm32f10x_can.o(i.CAN_GetITStatus) refers to stm32f10x_can.o(i.CheckITStatus) for CheckITStatus
    stm32f10x_cec.o(i.CEC_DeInit) refers to stm32f10x_rcc.o(i.RCC_APB1PeriphResetCmd) for RCC_APB1PeriphResetCmd
    stm32f10x_dac.o(i.DAC_DeInit) refers to stm32f10x_rcc.o(i.RCC_APB1PeriphResetCmd) for RCC_APB1PeriphResetCmd
    stm32f10x_flash.o(i.FLASH_EnableWriteProtection) refers to stm32f10x_flash.o(i.FLASH_WaitForLastOperation) for FLASH_WaitForLastOperation
    stm32f10x_flash.o(i.FLASH_EraseAllBank1Pages) refers to stm32f10x_flash.o(i.FLASH_WaitForLastBank1Operation) for FLASH_WaitForLastBank1Operation
    stm32f10x_flash.o(i.FLASH_EraseAllPages) refers to stm32f10x_flash.o(i.FLASH_WaitForLastOperation) for FLASH_WaitForLastOperation
    stm32f10x_flash.o(i.FLASH_EraseOptionBytes) refers to stm32f10x_flash.o(i.FLASH_GetReadOutProtectionStatus) for FLASH_GetReadOutProtectionStatus
    stm32f10x_flash.o(i.FLASH_EraseOptionBytes) refers to stm32f10x_flash.o(i.FLASH_WaitForLastOperation) for FLASH_WaitForLastOperation
    stm32f10x_flash.o(i.FLASH_ErasePage) refers to stm32f10x_flash.o(i.FLASH_WaitForLastOperation) for FLASH_WaitForLastOperation
    stm32f10x_flash.o(i.FLASH_ProgramHalfWord) refers to stm32f10x_flash.o(i.FLASH_WaitForLastOperation) for FLASH_WaitForLastOperation
    stm32f10x_flash.o(i.FLASH_ProgramOptionByteData) refers to stm32f10x_flash.o(i.FLASH_WaitForLastOperation) for FLASH_WaitForLastOperation
    stm32f10x_flash.o(i.FLASH_ProgramWord) refers to stm32f10x_flash.o(i.FLASH_WaitForLastOperation) for FLASH_WaitForLastOperation
    stm32f10x_flash.o(i.FLASH_ReadOutProtection) refers to stm32f10x_flash.o(i.FLASH_WaitForLastOperation) for FLASH_WaitForLastOperation
    stm32f10x_flash.o(i.FLASH_UserOptionByteConfig) refers to stm32f10x_flash.o(i.FLASH_WaitForLastOperation) for FLASH_WaitForLastOperation
    stm32f10x_flash.o(i.FLASH_WaitForLastBank1Operation) refers to stm32f10x_flash.o(i.FLASH_GetBank1Status) for FLASH_GetBank1Status
    stm32f10x_flash.o(i.FLASH_WaitForLastOperation) refers to stm32f10x_flash.o(i.FLASH_GetBank1Status) for FLASH_GetBank1Status
    stm32f10x_gpio.o(i.GPIO_AFIODeInit) refers to stm32f10x_rcc.o(i.RCC_APB2PeriphResetCmd) for RCC_APB2PeriphResetCmd
    stm32f10x_gpio.o(i.GPIO_DeInit) refers to stm32f10x_rcc.o(i.RCC_APB2PeriphResetCmd) for RCC_APB2PeriphResetCmd
    stm32f10x_i2c.o(i.I2C_DeInit) refers to stm32f10x_rcc.o(i.RCC_APB1PeriphResetCmd) for RCC_APB1PeriphResetCmd
    stm32f10x_i2c.o(i.I2C_Init) refers to stm32f10x_rcc.o(i.RCC_GetClocksFreq) for RCC_GetClocksFreq
    stm32f10x_pwr.o(i.PWR_DeInit) refers to stm32f10x_rcc.o(i.RCC_APB1PeriphResetCmd) for RCC_APB1PeriphResetCmd
    stm32f10x_rcc.o(i.RCC_GetClocksFreq) refers to stm32f10x_rcc.o(.data) for APBAHBPrescTable
    stm32f10x_rcc.o(i.RCC_WaitForHSEStartUp) refers to stm32f10x_rcc.o(i.RCC_GetFlagStatus) for RCC_GetFlagStatus
    stm32f10x_rtc.o(i.RTC_SetAlarm) refers to stm32f10x_rtc.o(i.RTC_EnterConfigMode) for RTC_EnterConfigMode
    stm32f10x_rtc.o(i.RTC_SetAlarm) refers to stm32f10x_rtc.o(i.RTC_ExitConfigMode) for RTC_ExitConfigMode
    stm32f10x_rtc.o(i.RTC_SetCounter) refers to stm32f10x_rtc.o(i.RTC_EnterConfigMode) for RTC_EnterConfigMode
    stm32f10x_rtc.o(i.RTC_SetCounter) refers to stm32f10x_rtc.o(i.RTC_ExitConfigMode) for RTC_ExitConfigMode
    stm32f10x_rtc.o(i.RTC_SetPrescaler) refers to stm32f10x_rtc.o(i.RTC_EnterConfigMode) for RTC_EnterConfigMode
    stm32f10x_rtc.o(i.RTC_SetPrescaler) refers to stm32f10x_rtc.o(i.RTC_ExitConfigMode) for RTC_ExitConfigMode
    stm32f10x_spi.o(i.I2S_Init) refers to stm32f10x_rcc.o(i.RCC_GetClocksFreq) for RCC_GetClocksFreq
    stm32f10x_spi.o(i.SPI_I2S_DeInit) refers to stm32f10x_rcc.o(i.RCC_APB2PeriphResetCmd) for RCC_APB2PeriphResetCmd
    stm32f10x_spi.o(i.SPI_I2S_DeInit) refers to stm32f10x_rcc.o(i.RCC_APB1PeriphResetCmd) for RCC_APB1PeriphResetCmd
    stm32f10x_tim.o(i.TIM_DeInit) refers to stm32f10x_rcc.o(i.RCC_APB2PeriphResetCmd) for RCC_APB2PeriphResetCmd
    stm32f10x_tim.o(i.TIM_DeInit) refers to stm32f10x_rcc.o(i.RCC_APB1PeriphResetCmd) for RCC_APB1PeriphResetCmd
    stm32f10x_tim.o(i.TIM_ETRClockMode1Config) refers to stm32f10x_tim.o(i.TIM_ETRConfig) for TIM_ETRConfig
    stm32f10x_tim.o(i.TIM_ETRClockMode2Config) refers to stm32f10x_tim.o(i.TIM_ETRConfig) for TIM_ETRConfig
    stm32f10x_tim.o(i.TIM_ICInit) refers to stm32f10x_tim.o(i.TI1_Config) for TI1_Config
[...]
    ../clib/angel/handlers.s                 0x00000000   Number         0  __scatter_copy.o ABSOLUTE
    ../clib/angel/handlers.s                 0x00000000   Number         0  __scatter_zi.o ABSOLUTE
    ../clib/angel/kernel.s                   0x00000000   Number         0  __rtentry2.o ABSOLUTE
    ../clib/angel/kernel.s                   0x00000000   Number         0  __rtentry.o ABSOLUTE
    ../clib/angel/kernel.s                   0x00000000   Number         0  rtexit2.o ABSOLUTE
    ../clib/angel/kernel.s                   0x00000000   Number         0  __rtentry4.o ABSOLUTE
    ../clib/angel/kernel.s                   0x00000000   Number         0  rtexit.o ABSOLUTE
    ../clib/angel/rt.s                       0x00000000   Number         0  rt_raise.o ABSOLUTE
    ../clib/angel/rt.s                       0x00000000   Number         0  rt_heap_descriptor.o ABSOLUTE
    ../clib/angel/rt.s                       0x00000000   Number         0  rt_heap_descriptor_intlibspace.o ABSOLUTE
    ../clib/angel/rt.s                       0x00000000   Number         0  rt_errno_addr_intlibspace.o ABSOLUTE
    ../clib/angel/rt.s                       0x00000000   Number         0  rt_errno_addr.o ABSOLUTE
    ../clib/angel/scatter.s                  0x00000000   Number         0  __scatter.o ABSOLUTE
    ../clib/angel/startup.s                  0x00000000   Number         0  __main.o ABSOLUTE
    ../clib/angel/sys.s                      0x00000000   Number         0  sys_stackheap_outer.o ABSOLUTE
    ../clib/angel/sys.s                      0x00000000   Number         0  mutex_dummy.o ABSOLUTE
    ../clib/angel/sys.s                      0x00000000   Number         0  indicate_semi.o ABSOLUTE
    ../clib/angel/sys.s                      0x00000000   Number         0  use_no_semi.o ABSOLUTE
    ../clib/angel/sys.s                      0x00000000   Number         0  libspace.o ABSOLUTE
    ../clib/angel/sysapp.c                   0x00000000   Number         0  sys_io.o ABSOLUTE
    ../clib/angel/sysapp.c                   0x00000000   Number         0  sys_exit.o ABSOLUTE
    ../clib/angel/sysapp.c                   0x00000000   Number         0  sys_command.o ABSOLUTE
    ../clib/angel/sysapp.c                   0x00000000   Number         0  sys_wrch.o ABSOLUTE
    ../clib/armsys.c                         0x00000000   Number         0  _get_argv.o ABSOLUTE
    ../clib/armsys.c                         0x00000000   Number         0  argv_veneer.o ABSOLUTE
    ../clib/armsys.c                         0x00000000   Number         0  _get_argv_nomalloc.o ABSOLUTE
    ../clib/armsys.c                         0x00000000   Number         0  argv_veneer.o ABSOLUTE
    ../clib/armsys.c                         0x00000000   Number         0  no_argv.o ABSOLUTE
    ../clib/heap1.c                          0x00000000   Number         0  h1_free_mt.o ABSOLUTE
    ../clib/heap1.c                          0x00000000   Number         0  h1_free.o ABSOLUTE
    ../clib/heap1.c                          0x00000000   Number         0  h1_alloc_mt.o ABSOLUTE
    ../clib/heap1.c                          0x00000000   Number         0  h1_alloc.o ABSOLUTE
    ../clib/heap1.c                          0x00000000   Number         0  h1_init_mt.o ABSOLUTE
    ../clib/heap1.c                          0x00000000   Number         0  h1_extend.o ABSOLUTE
    ../clib/heap1.c                          0x00000000   Number         0  h1_final_mt.o ABSOLUTE
    ../clib/heap1.c                          0x00000000   Number         0  h1_final.o ABSOLUTE
    ../clib/heap1.c                          0x00000000   Number         0  h1_init.o ABSOLUTE
    ../clib/heap1.c                          0x00000000   Number         0  h1_extend_mt.o ABSOLUTE
    ../clib/heap2.c                          0x00000000   Number         0  fdtree.o ABSOLUTE
    ../clib/heap2.c                          0x00000000   Number         0  heap2.o ABSOLUTE
    ../clib/heap2.c                          0x00000000   Number         0  heap2mt.o ABSOLUTE
    ../clib/heapalloc.c                      0x00000000   Number         0  heapstubs.o ABSOLUTE
    ../clib/heapalloc.c                      0x00000000   Number         0  maybetermalloc2.o ABSOLUTE
    ../clib/heapalloc.c                      0x00000000   Number         0  malloc.o ABSOLUTE
    ../clib/heapalloc.c                      0x00000000   Number         0  hguard.o ABSOLUTE
    ../clib/heapalloc.c                      0x00000000   Number         0  hrguard.o ABSOLUTE
    ../clib/heapalloc.c                      0x00000000   Number         0  term_alloc.o ABSOLUTE
    ../clib/heapalloc.c                      0x00000000   Number         0  init_alloc.o ABSOLUTE
    ../clib/heapalloc.c                      0x00000000   Number         0  maybetermalloc1.o ABSOLUTE
    ../clib/heapalloc.c                      0x00000000   Number         0  free.o ABSOLUTE
    ../clib/heapalloc.c                      0x00000000   Number         0  maybetermalloc1.o ABSOLUTE
    ../clib/heapalloc.c                      0x00000000   Number         0  maybetermalloc2.o ABSOLUTE
    ../clib/heapaux.c                        0x00000000   Number         0  heapauxa.o ABSOLUTE
    ../clib/heapaux.c                        0x00000000   Number         0  heapauxi.o ABSOLUTE
    ../clib/libinit.s                        0x00000000   Number         0  libinit.o ABSOLUTE
    ../clib/libinit.s                        0x00000000   Number         0  libshutdown.o ABSOLUTE
    ../clib/libinit.s                        0x00000000   Number         0  libshutdown2.o ABSOLUTE
    ../clib/libinit.s                        0x00000000   Number         0  libinit2.o ABSOLUTE
    ../clib/memcpset.s                       0x00000000   Number         0  rt_memcpy_w.o ABSOLUTE
    ../clib/memcpset.s                       0x00000000   Number         0  rt_memclr_w.o ABSOLUTE
    ../clib/misc.s                           0x00000000   Number         0  printf_stubs.o ABSOLUTE
    ../clib/printf.c                         0x00000000   Number         0  _printf_hex_int.o ABSOLUTE
    ../clib/printf.c                         0x00000000   Number         0  _printf_hex_int_ll.o ABSOLUTE
    ../clib/printf.c                         0x00000000   Number         0  _printf_hex_ptr.o ABSOLUTE
    ../clib/printf.c                         0x00000000   Number         0  _printf_hex_int_ptr.o ABSOLUTE
    ../clib/printf.c                         0x00000000   Number         0  _printf_hex_ll_ptr.o ABSOLUTE
    ../clib/printf.c                         0x00000000   Number         0  _printf_hex_int_ll_ptr.o ABSOLUTE
    ../clib/printf.c                         0x00000000   Number         0  _printf_char_common.o ABSOLUTE
    ../clib/printf.c                         0x00000000   Number         0  __printf_flags.o ABSOLUTE
    ../clib/printf.c                         0x00000000   Number         0  __printf_flags_ss.o ABSOLUTE
    ../clib/printf.c                         0x00000000   Number         0  __printf_wp.o ABSOLUTE
    ../clib/printf.c                         0x00000000   Number         0  __printf_flags_wp.o ABSOLUTE
    ../clib/printf.c                         0x00000000   Number         0  __printf_nopercent.o ABSOLUTE
    ../clib/printf.c                         0x00000000   Number         0  __printf_ss_wp.o ABSOLUTE
    ../clib/printf.c                         0x00000000   Number         0  __printf_flags_ss_wp.o ABSOLUTE
    ../clib/printf.c                         0x00000000   Number         0  _printf_intcommon.o ABSOLUTE
    ../clib/printf.c                         0x00000000   Number         0  _printf_char_file.o ABSOLUTE
    ../clib/printf.c                         0x00000000   Number         0  __printf_ss.o ABSOLUTE
    ../clib/printf.c                         0x00000000   Number         0  __2printf.o ABSOLUTE
    ../clib/printf.c                         0x00000000   Number         0  noretval__2printf.o ABSOLUTE
    ../clib/printf.c                         0x00000000   Number         0  __printf.o ABSOLUTE
    ../clib/printf.c                         0x00000000   Number         0  _printf_pad.o ABSOLUTE
    ../clib/printf.c                         0x00000000   Number         0  _printf_hex_ll.o ABSOLUTE
    ../clib/printf_percent.s                 0x00000000   Number         0  _printf_x.o ABSOLUTE
    ../clib/printf_percent.s                 0x00000000   Number         0  _printf_percent_end.o ABSOLUTE
    ../clib/printf_percent.s                 0x00000000   Number         0  _printf_percent.o ABSOLUTE
    ../clib/signal.c                         0x00000000   Number         0  __raise.o ABSOLUTE
    ../clib/signal.c                         0x00000000   Number         0  defsig_rtred_outer.o ABSOLUTE
    ../clib/signal.c                         0x00000000   Number         0  defsig_rtred_inner.o ABSOLUTE
    ../clib/signal.c                         0x00000000   Number         0  defsig_exit.o ABSOLUTE
    ../clib/signal.c                         0x00000000   Number         0  defsig_rtmem_formal.o ABSOLUTE
    ../clib/signal.c                         0x00000000   Number         0  defsig_rtmem_outer.o ABSOLUTE
    ../clib/signal.c                         0x00000000   Number         0  defsig_pvfn_inner.o ABSOLUTE
    ../clib/signal.c                         0x00000000   Number         0  defsig_general.o ABSOLUTE
    ../clib/signal.c                         0x00000000   Number         0  defsig_rtred_formal.o ABSOLUTE
    ../clib/signal.c                         0x00000000   Number         0  defsig_other.o ABSOLUTE
    ../clib/signal.c                         0x00000000   Number         0  defsig_segv_inner.o ABSOLUTE
    ../clib/signal.c                         0x00000000   Number         0  defsig_cppl_inner.o ABSOLUTE
    ../clib/signal.c                         0x00000000   Number         0  defsig_stak_inner.o ABSOLUTE
    ../clib/signal.c                         0x00000000   Number         0  defsig_fpe_inner.o ABSOLUTE
    ../clib/signal.c                         0x00000000   Number         0  defsig_abrt_inner.o ABSOLUTE
    ../clib/signal.c                         0x00000000   Number         0  defsig_rtmem_inner.o ABSOLUTE
    ../clib/signal.s                         0x00000000   Number         0  defsig.o ABSOLUTE
    ../clib/stdio.c                          0x00000000   Number         0  stdio.o ABSOLUTE
    ../clib/stdio.c                          0x00000000   Number         0  initio.o ABSOLUTE
    ../clib/stdio.c                          0x00000000   Number         0  setvbuf_locked.o ABSOLUTE
    ../clib/stdio.c                          0x00000000   Number         0  ftell.o ABSOLUTE
    ../clib/stdio.c                          0x00000000   Number         0  ferror.o ABSOLUTE
    ../clib/stdio.c                          0x00000000   Number         0  initio_locked.o ABSOLUTE
    ../clib/stdio.c                          0x00000000   Number         0  ferror_locked.o ABSOLUTE
    ../clib/stdio.c                          0x00000000   Number         0  fopen_locked.o ABSOLUTE
    ../clib/stdio.c                          0x00000000   Number         0  fseek.o ABSOLUTE
    ../clib/stdio.c                          0x00000000   Number         0  stdio_streams.o ABSOLUTE
    ../clib/stdio.c                          0x00000000   Number         0  setvbuf.o ABSOLUTE
    ../clib/stdio.c                          0x00000000   Number         0  fclose.o ABSOLUTE
    ../clib/stdio.c                          0x00000000   Number         0  fopen.o ABSOLUTE
    ../clib/stdio.c                          0x00000000   Number         0  streamlock.o ABSOLUTE
    ../clib/stdlib.c                         0x00000000   Number         0  exit.o ABSOLUTE
    ../clib/string.c                         0x00000000   Number         0  strlen.o ABSOLUTE
    ../fplib/fpinit.s                        0x00000000   Number         0  fpinit.o ABSOLUTE
    CoreSupport\\core_cm3.c                  0x00000000   Number         0  core_cm3.o ABSOLUTE
    CoreSupport\core_cm3.c                   0x00000000   Number         0  core_cm3.o ABSOLUTE
    Driver\src\misc.c                        0x00000000   Number         0  misc.o ABSOLUTE
    Driver\src\stm32f10x_adc.c               0x00000000   Number         0  stm32f10x_adc.o ABSOLUTE
    Driver\src\stm32f10x_bkp.c               0x00000000   Number         0  stm32f10x_bkp.o ABSOLUTE
    Driver\src\stm32f10x_can.c               0x00000000   Number         0  stm32f10x_can.o ABSOLUTE
    Driver\src\stm32f10x_cec.c               0x00000000   Number         0  stm32f10x_cec.o ABSOLUTE
    Driver\src\stm32f10x_crc.c               0x00000000   Number         0  stm32f10x_crc.o ABSOLUTE
    Driver\src\stm32f10x_dac.c               0x00000000   Number         0  stm32f10x_dac.o ABSOLUTE
    Driver\src\stm32f10x_dbgmcu.c            0x00000000   Number         0  stm32f10x_dbgmcu.o ABSOLUTE
    Driver\src\stm32f10x_dma.c               0x00000000   Number         0  stm32f10x_dma.o ABSOLUTE
    Driver\src\stm32f10x_exti.c              0x00000000   Number         0  stm32f10x_exti.o ABSOLUTE
    Driver\src\stm32f10x_flash.c             0x00000000   Number         0  stm32f10x_flash.o ABSOLUTE
    Driver\src\stm32f10x_fsmc.c              0x00000000   Number         0  stm32f10x_fsmc.o ABSOLUTE
    Driver\src\stm32f10x_gpio.c              0x00000000   Number         0  stm32f10x_gpio.o ABSOLUTE
    Driver\src\stm32f10x_i2c.c               0x00000000   Number         0  stm32f10x_i2c.o ABSOLUTE
    Driver\src\stm32f10x_iwdg.c              0x00000000   Number         0  stm32f10x_iwdg.o ABSOLUTE
    Driver\src\stm32f10x_pwr.c               0x00000000   Number         0  stm32f10x_pwr.o ABSOLUTE
    Driver\src\stm32f10x_rcc.c               0x00000000   Number         0  stm32f10x_rcc.o ABSOLUTE
    Driver\src\stm32f10x_rtc.c               0x00000000   Number         0  stm32f10x_rtc.o ABSOLUTE
    Driver\src\stm32f10x_sdio.c              0x00000000   Number         0  stm32f10x_sdio.o ABSOLUTE
    Driver\src\stm32f10x_spi.c               0x00000000   Number         0  stm32f10x_spi.o ABSOLUTE
    Driver\src\stm32f10x_tim.c               0x00000000   Number         0  stm32f10x_tim.o ABSOLUTE
    Driver\src\stm32f10x_usart.c             0x00000000   Number         0  stm32f10x_usart.o ABSOLUTE
    Driver\src\stm32f10x_wwdg.c              0x00000000   Number         0  stm32f10x_wwdg.o ABSOLUTE
    STM32F10x\startup_stm32f10x_md.s         0x00000000   Number         0  startup_stm32f10x_md.o ABSOLUTE
    STM32F10x\system_stm32f10x.c             0x00000000   Number         0  system_stm32f10x.o ABSOLUTE
    USER\main.c                              0x00000000   Number         0  main.o ABSOLUTE
    USER\test001.c                           0x00000000   Number         0  test001.o ABSOLUTE
    USER\test002.c                           0x00000000   Number         0  test002.o ABSOLUTE
    dc.s                                     0x00000000   Number         0  dc.o ABSOLUTE
    usart\com_x.c                            0x00000000   Number         0  com_x.o ABSOLUTE
    usart\debug_x.c                          0x00000000   Number         0  debug_x.o ABSOLUTE
    usart\delay.c                            0x00000000   Number         0  delay.o ABSOLUTE
    RESET                                    0x08000000   Section      236  startup_stm32f10x_md.o(RESET)
    !!!main                                  0x080000ec   Section        8  __main.o(!!!main)
    !!!scatter                               0x080000f4   Section       52  __scatter.o(!!!scatter)
    !!handler_copy                           0x08000128   Section       26  __scatter_copy.o(!!handler_copy)
    !!handler_zi                             0x08000144   Section       28  __scatter_zi.o(!!handler_zi)
    .ARM.Collect$$_printf_percent$$00000000  0x08000160   Section        0  _printf_percent.o(.ARM.Collect$$_printf_percent$$00000000)
    .ARM.Collect$$_printf_percent$$0000000C  0x08000160   Section        6  _printf_x.o(.ARM.Collect$$_printf_percent$$0000000C)
    .ARM.Collect$$_printf_percent$$00000017  0x08000166   Section        4  _printf_percent_end.o(.ARM.Collect$$_printf_percent$$00000017)
    .ARM.Collect$$libinit$$00000000          0x0800016a   Section        2  libinit.o(.ARM.Collect$$libinit$$00000000)
    .ARM.Collect$$libinit$$00000002          0x0800016c   Section        0  libinit2.o(.ARM.Collect$$libinit$$00000002)
    .ARM.Collect$$libinit$$00000004          0x0800016c   Section        0  libinit2.o(.ARM.Collect$$libinit$$00000004)
    .ARM.Collect$$libinit$$00000005          0x0800016c   Section        8  libinit2.o(.ARM.Collect$$libinit$$00000005)
    .ARM.Collect$$libinit$$0000000A          0x08000174   Section        0  libinit2.o(.ARM.Collect$$libinit$$0000000A)
    .ARM.Collect$$libinit$$0000000C          0x08000174   Section        0  libinit2.o(.ARM.Collect$$libinit$$0000000C)
    .ARM.Collect$$libinit$$0000000E          0x08000174   Section        0  libinit2.o(.ARM.Collect$$libinit$$0000000E)
    .ARM.Collect$$libinit$$00000011          0x08000174   Section        0  libinit2.o(.ARM.Collect$$libinit$$00000011)
    .ARM.Collect$$libinit$$00000013          0x08000174   Section        0  libinit2.o(.ARM.Collect$$libinit$$00000013)
    .ARM.Collect$$libinit$$00000015          0x08000174   Section        0  libinit2.o(.ARM.Collect$$libinit$$00000015)
    .ARM.Collect$$libinit$$00000017          0x08000174   Section        0  libinit2.o(.ARM.Collect$$libinit$$00000017)
    .ARM.Collect$$libinit$$00000019          0x08000174   Section        0  libinit2.o(.ARM.Collect$$libinit$$00000019)
    .ARM.Collect$$libinit$$0000001B          0x08000174   Section        0  libinit2.o(.ARM.Collect$$libinit$$0000001B)
    .ARM.Collect$$libinit$$0000001D          0x08000174   Section        0  libinit2.o(.ARM.Collect$$libinit$$0000001D)
    .ARM.Collect$$libinit$$0000001F          0x08000174   Section        0  libinit2.o(.ARM.Collect$$libinit$$0000001F)
    .ARM.Collect$$libinit$$00000021          0x08000174   Section        0  libinit2.o(.ARM.Collect$$libinit$$00000021)
    .ARM.Collect$$libinit$$00000023          0x08000174   Section        0  libinit2.o(.ARM.Collect$$libinit$$00000023)
    .ARM.Collect$$libinit$$00000024          0x08000174   Section        4  libinit2.o(.ARM.Collect$$libinit$$00000024)
    .ARM.Collect$$libinit$$00000025          0x08000178   Section        0  libinit2.o(.ARM.Collect$$libinit$$00000025)
    .ARM.Collect$$libinit$$0000002C          0x08000178   Section        0  libinit2.o(.ARM.Collect$$libinit$$0000002C)
    .ARM.Collect$$libinit$$0000002E          0x08000178   Section        0  libinit2.o(.ARM.Collect$$libinit$$0000002E)
    .ARM.Collect$$libinit$$00000030          0x08000178   Section        0  libinit2.o(.ARM.Collect$$libinit$$00000030)
    .ARM.Collect$$libinit$$00000032          0x08000178   Section        0  libinit2.o(.ARM.Collect$$libinit$$00000032)
    .ARM.Collect$$libinit$$00000033          0x08000178   Section        2  libinit2.o(.ARM.Collect$$libinit$$00000033)
    .ARM.Collect$$libshutdown$$00000000      0x0800017a   Section        2  libshutdown.o(.ARM.Collect$$libshutdown$$00000000)
    .ARM.Collect$$libshutdown$$00000002      0x0800017c   Section        0  libshutdown2.o(.ARM.Collect$$libshutdown$$00000002)
    .ARM.Collect$$libshutdown$$00000004      0x0800017c   Section        0  libshutdown2.o(.ARM.Collect$$libshutdown$$00000004)
    .ARM.Collect$$libshutdown$$00000005      0x0800017c   Section        4  libshutdown2.o(.ARM.Collect$$libshutdown$$00000005)
    .ARM.Collect$$libshutdown$$00000006      0x08000180   Section        0  libshutdown2.o(.ARM.Collect$$libshutdown$$00000006)
    .ARM.Collect$$libshutdown$$00000009      0x08000180   Section        0  libshutdown2.o(.ARM.Collect$$libshutdown$$00000009)
    .ARM.Collect$$libshutdown$$0000000C      0x08000180   Section        0  libshutdown2.o(.ARM.Collect$$libshutdown$$0000000C)
    .ARM.Collect$$libshutdown$$0000000E      0x08000180   Section        0  libshutdown2.o(.ARM.Collect$$libshutdown$$0000000E)
    .ARM.Collect$$libshutdown$$00000011      0x08000180   Section        0  libshutdown2.o(.ARM.Collect$$libshutdown$$00000011)
    .ARM.Collect$$libshutdown$$00000012      0x08000180   Section        2  libshutdown2.o(.ARM.Collect$$libshutdown$$00000012)
    .ARM.Collect$$rtentry$$00000000          0x08000182   Section        0  __rtentry.o(.ARM.Collect$$rtentry$$00000000)
    .ARM.Collect$$rtentry$$00000002          0x08000182   Section        0  __rtentry2.o(.ARM.Collect$$rtentry$$00000002)
    .ARM.Collect$$rtentry$$00000004          0x08000182   Section        6  __rtentry4.o(.ARM.Collect$$rtentry$$00000004)
    .ARM.Collect$$rtentry$$00000009          0x08000188   Section        0  __rtentry2.o(.ARM.Collect$$rtentry$$00000009)
    .ARM.Collect$$rtentry$$0000000A          0x08000188   Section        4  __rtentry2.o(.ARM.Collect$$rtentry$$0000000A)
    .ARM.Collect$$rtentry$$0000000C          0x0800018c   Section        0  __rtentry2.o(.ARM.Collect$$rtentry$$0000000C)
    .ARM.Collect$$rtentry$$0000000D          0x0800018c   Section        8  __rtentry2.o(.ARM.Collect$$rtentry$$0000000D)
    .ARM.Collect$$rtexit$$00000000           0x08000194   Section        2  rtexit.o(.ARM.Collect$$rtexit$$00000000)
    .ARM.Collect$$rtexit$$00000002           0x08000196   Section        0  rtexit2.o(.ARM.Collect$$rtexit$$00000002)
    .ARM.Collect$$rtexit$$00000003           0x08000196   Section        4  rtexit2.o(.ARM.Collect$$rtexit$$00000003)
    .ARM.Collect$$rtexit$$00000004           0x0800019a   Section        6  rtexit2.o(.ARM.Collect$$rtexit$$00000004)
    .emb_text                                0x080001a0   Section        0  maybetermalloc1.o(.emb_text)
    .text                                    0x080001a0   Section       64  startup_stm32f10x_md.o(.text)
    .text                                    0x080001e0   Section        0  noretval__2printf.o(.text)
    .text                                    0x080001f8   Section        0  _printf_pad.o(.text)
    .text                                    0x08000248   Section        0  _printf_hex_int.o(.text)
    .text                                    0x080002a0   Section        0  __printf_flags_wp.o(.text)
    .text                                    0x080003d8   Section       78  rt_memclr_w.o(.text)
    .text                                    0x08000426   Section        0  heapauxi.o(.text)
    .text                                    0x0800042c   Section        0  _printf_intcommon.o(.text)
    .text                                    0x080004e0   Section        0  _printf_char_file.o(.text)
    .text                                    0x08000504   Section        0  _printf_char_common.o(.text)
    _printf_input_char                       0x08000505   Thumb Code    10  _printf_char_common.o(.text)
    .text                                    0x08000534   Section        0  ferror.o(.text)
    .text                                    0x0800053c   Section        0  initio.o(.text)
    .text                                    0x08000674   Section        0  sys_io.o(.text)
    .text                                    0x080006da   Section       74  sys_stackheap_outer.o(.text)
    .text                                    0x08000724   Section        0  h1_free.o(.text)
    .text                                    0x08000772   Section        0  setvbuf.o(.text)
    .text                                    0x080007b8   Section        0  fopen.o(.text)
    _freopen_locked                          0x080007b9   Thumb Code     0  fopen.o(.text)
    .text                                    0x080008a4   Section        0  fclose.o(.text)
    .text                                    0x080008f0   Section        0  exit.o(.text)
    .text                                    0x08000902   Section        0  defsig_rtred_outer.o(.text)
    .text                                    0x08000910   Section        8  libspace.o(.text)
    .text                                    0x08000918   Section        2  use_no_semi.o(.text)
    .text                                    0x0800091a   Section        0  indicate_semi.o(.text)
    .text                                    0x0800091c   Section        8  rt_heap_descriptor_intlibspace.o(.text)
    .text                                    0x08000924   Section        0  hguard.o(.text)
    .text                                    0x08000928   Section        0  init_alloc.o(.text)
    .text                                    0x080009b2   Section        0  h1_alloc.o(.text)
    .text                                    0x08000a10   Section        0  fseek.o(.text)
    .text                                    0x08000b08   Section        0  stdio.o(.text)
    .text                                    0x08000bf8   Section        0  defsig_exit.o(.text)
    .text                                    0x08000c04   Section        0  defsig_rtred_inner.o(.text)
    .text                                    0x08000c38   Section        0  strlen.o(.text)
    .text                                    0x08000c78   Section        0  sys_exit.o(.text)
    .text                                    0x08000c84   Section        0  h1_init.o(.text)
    .text                                    0x08000c92   Section        0  h1_extend.o(.text)
    .text                                    0x08000cc6   Section        0  ftell.o(.text)
    .text                                    0x08000d08   Section        0  defsig_general.o(.text)
    .text                                    0x08000d3a   Section        0  defsig_rtmem_outer.o(.text)
    .text                                    0x08000d48   Section        0  sys_wrch.o(.text)
    .text                                    0x08000d58   Section        8  rt_errno_addr_intlibspace.o(.text)
    .text                                    0x08000d60   Section        0  defsig_rtmem_inner.o(.text)
    i.DMA1_Channel2_IRQHandler               0x08000db0   Section        0  com_x.o(i.DMA1_Channel2_IRQHandler)
    i.DMA1_Channel4_IRQHandler               0x08000dc0   Section        0  debug_x.o(i.DMA1_Channel4_IRQHandler)
    i.DMA_ClearFlag                          0x08000de4   Section        0  stm32f10x_dma.o(i.DMA_ClearFlag)
    i.DMA_Cmd                                0x08000e00   Section        0  stm32f10x_dma.o(i.DMA_Cmd)
    i.DMA_DeInit                             0x08000e18   Section        0  stm32f10x_dma.o(i.DMA_DeInit)
    i.DMA_GetCurrDataCounter                 0x08000f64   Section        0  stm32f10x_dma.o(i.DMA_GetCurrDataCounter)
    i.DMA_GetITStatus                        0x08000f6c   Section        0  stm32f10x_dma.o(i.DMA_GetITStatus)
    i.DMA_ITConfig                           0x08000f98   Section        0  stm32f10x_dma.o(i.DMA_ITConfig)
    i.DMA_Init                               0x08000faa   Section        0  stm32f10x_dma.o(i.DMA_Init)
    i.GPIO_Init                              0x08000fe6   Section        0  stm32f10x_gpio.o(i.GPIO_Init)
    i.NVIC_Init                              0x080010fc   Section        0  misc.o(i.NVIC_Init)
    i.NVIC_PriorityGroupConfig               0x0800116c   Section        0  misc.o(i.NVIC_PriorityGroupConfig)
    i.RCC_AHBPeriphClockCmd                  0x08001180   Section        0  stm32f10x_rcc.o(i.RCC_AHBPeriphClockCmd)
    i.RCC_APB1PeriphClockCmd                 0x080011a0   Section        0  stm32f10x_rcc.o(i.RCC_APB1PeriphClockCmd)
    i.RCC_APB2PeriphClockCmd                 0x080011c0   Section        0  stm32f10x_rcc.o(i.RCC_APB2PeriphClockCmd)
    i.RCC_GetClocksFreq                      0x080011e0   Section        0  stm32f10x_rcc.o(i.RCC_GetClocksFreq)
    i.SetSysClock                            0x080012b4   Section        0  system_stm32f10x.o(i.SetSysClock)
    SetSysClock                              0x080012b5   Thumb Code     8  system_stm32f10x.o(i.SetSysClock)
    i.SetSysClockTo72                        0x080012bc   Section        0  system_stm32f10x.o(i.SetSysClockTo72)
    SetSysClockTo72                          0x080012bd   Thumb Code   214  system_stm32f10x.o(i.SetSysClockTo72)
    i.SysTick_Handler                        0x0800139c   Section        0  delay.o(i.SysTick_Handler)
    i.SystemCoreClockUpdate                  0x080013d8   Section        0  system_stm32f10x.o(i.SystemCoreClockUpdate)
    i.SystemInit                             0x0800147c   Section        0  system_stm32f10x.o(i.SystemInit)
    i.USART1_IRQHandler                      0x080014dc   Section        0  debug_x.o(i.USART1_IRQHandler)
    i.USART3_IRQHandler                      0x080014fc   Section        0  com_x.o(i.USART3_IRQHandler)
    i.USART_Cmd                              0x0800151c   Section        0  stm32f10x_usart.o(i.USART_Cmd)
    i.USART_DMACmd                           0x08001534   Section        0  stm32f10x_usart.o(i.USART_DMACmd)
    i.USART_GetITStatus                      0x08001546   Section        0  stm32f10x_usart.o(i.USART_GetITStatus)
    i.USART_ITConfig                         0x0800159a   Section        0  stm32f10x_usart.o(i.USART_ITConfig)
    i.USART_Init                             0x080015e4   Section        0  stm32f10x_usart.o(i.USART_Init)
    i.USART_ReceiveData                      0x080016bc   Section        0  stm32f10x_usart.o(i.USART_ReceiveData)
    i._is_digit                              0x080016c6   Section        0  __printf_wp.o(i._is_digit)
    i.com_x_uasrt_nvic_config                0x080016d4   Section        0  com_x.o(i.com_x_uasrt_nvic_config)
    i.com_x_usart_Init                       0x0800171a   Section        0  com_x.o(i.com_x_usart_Init)
    i.com_x_usart_config                     0x08001734   Section        0  com_x.o(i.com_x_usart_config)
    i.com_x_usart_dma_config                 0x080017a0   Section        0  com_x.o(i.com_x_usart_dma_config)
    i.com_x_usart_dma_read                   0x08001860   Section        0  com_x.o(i.com_x_usart_dma_read)
    i.com_x_usart_dma_start_tx               0x08001924   Section        0  com_x.o(i.com_x_usart_dma_start_tx)
    i.com_x_usart_dma_tx_over                0x0800193c   Section        0  com_x.o(i.com_x_usart_dma_tx_over)
    i.com_x_usart_gpio_config                0x08001954   Section        0  com_x.o(i.com_x_usart_gpio_config)
    i.com_x_usart_rcc_config                 0x08001990   Section        0  com_x.o(i.com_x_usart_rcc_config)
    i.data_pack                              0x080019ac   Section        0  com_x.o(i.data_pack)
    i.debug_x_uasrt_nvic_config              0x08001b10   Section        0  debug_x.o(i.debug_x_uasrt_nvic_config)
    i.debug_x_usart_In_Queue                 0x08001b58   Section        0  debug_x.o(i.debug_x_usart_In_Queue)
    i.debug_x_usart_Init                     0x08001ba4   Section        0  debug_x.o(i.debug_x_usart_Init)
    i.debug_x_usart_Out_Queue                0x08001bbc   Section        0  debug_x.o(i.debug_x_usart_Out_Queue)
    i.debug_x_usart_config                   0x08001c10   Section        0  debug_x.o(i.debug_x_usart_config)
    i.debug_x_usart_dma_ctl                  0x08001c84   Section        0  debug_x.o(i.debug_x_usart_dma_ctl)
    i.debug_x_usart_dma_read                 0x08001cd4   Section        0  debug_x.o(i.debug_x_usart_dma_read)
    i.debug_x_usart_dma_rx_config            0x08001d40   Section        0  debug_x.o(i.debug_x_usart_dma_rx_config)
    i.debug_x_usart_dma_start_tx             0x08001da8   Section        0  debug_x.o(i.debug_x_usart_dma_start_tx)
    i.debug_x_usart_dma_tx_config            0x08001dcc   Section        0  debug_x.o(i.debug_x_usart_dma_tx_config)
    i.debug_x_usart_gpio_config              0x08001e30   Section        0  debug_x.o(i.debug_x_usart_gpio_config)
    i.debug_x_usart_rcc_config               0x08001e6c   Section        0  debug_x.o(i.debug_x_usart_rcc_config)
    i.delay_init                             0x08001e88   Section        0  delay.o(i.delay_init)
    i.delay_ms                               0x08001ef0   Section        0  delay.o(i.delay_ms)
    i.delay_us                               0x08001f0c   Section        0  delay.o(i.delay_us)
    i.fputc                                  0x08001f20   Section        0  debug_x.o(i.fputc)
    i.get_data_analyze                       0x08001f30   Section        0  com_x.o(i.get_data_analyze)
    i.main                                   0x08001fd8   Section        0  main.o(i.main)
    i.test002                                0x08001fe4   Section        0  test002.o(i.test002)
    .constdata                               0x08002078   Section       40  _printf_hex_int.o(.constdata)
    uc_hextab                                0x08002078   Data          20  _printf_hex_int.o(.constdata)
    lc_hextab                                0x0800208c   Data          20  _printf_hex_int.o(.constdata)
    .constdata                               0x080020a0   Section       17  __printf_flags_wp.o(.constdata)
    maptable                                 0x080020a0   Data          17  __printf_flags_wp.o(.constdata)
    .constdata                               0x080020b1   Section        4  sys_io.o(.constdata)
    .constdata                               0x080020b5   Section        4  sys_io.o(.constdata)
    .constdata                               0x080020b9   Section        4  sys_io.o(.constdata)
    .data                                    0x20000000   Section       20  stm32f10x_rcc.o(.data)
    APBAHBPrescTable                         0x20000000   Data          16  stm32f10x_rcc.o(.data)
    ADCPrescTable                            0x20000010   Data           4  stm32f10x_rcc.o(.data)
    .data                                    0x20000014   Section       20  system_stm32f10x.o(.data)
    .data                                    0x20000028   Section        6  delay.o(.data)
    usTicks                                  0x20000028   Data           4  delay.o(.data)
    msTicks                                  0x2000002c   Data           2  delay.o(.data)
    .data                                    0x20000030   Section        4  stdio_streams.o(.data)
    .data                                    0x20000034   Section        4  stdio_streams.o(.data)
    .data                                    0x20000038   Section        4  stdio_streams.o(.data)
    .bss                                     0x2000003c   Section      228  com_x.o(.bss)
    .bss                                     0x20000120   Section      592  debug_x.o(.bss)
    .bss                                     0x20000370   Section       84  stdio_streams.o(.bss)
    .bss                                     0x200003c4   Section       84  stdio_streams.o(.bss)
    .bss                                     0x20000418   Section       84  stdio_streams.o(.bss)
    .bss                                     0x2000046c   Section       96  libspace.o(.bss)
    HEAP                                     0x200004d0   Section      512  startup_stm32f10x_md.o(HEAP)
    Heap_Mem                                 0x200004d0   Data         512  startup_stm32f10x_md.o(HEAP)
    STACK                                    0x200006d0   Section     1024  startup_stm32f10x_md.o(STACK)
    Stack_Mem                                0x200006d0   Data        1024  startup_stm32f10x_md.o(STACK)
    __initial_sp                             0x20000ad0   Data           0  startup_stm32f10x_md.o(STACK)

    Global Symbols

    Symbol Name                              Value     Ov Type        Size  Object(Section)

    BuildAttributes$$THM_ISAv4$P$D$K$B$S$PE$A:L22UL41UL21$X:L11$S22US41US21$IEEE1$IW$USESV6$~STKCKD$USESV7$~SHL$OTIME$ROPI$EBA8$UX$STANDARDLIB$REQ8$PRES8$EABIv2 0x00000000   Number         0  anon$$obj.o ABSOLUTE
    __ARM_use_no_argv                        0x00000000   Number         0  main.o ABSOLUTE
    _printf_flags                            0x00000000   Number         0  printf_stubs.o ABSOLUTE
    _printf_return_value                     0x00000000   Number         0  printf_stubs.o ABSOLUTE
    _printf_sizespec                         0x00000000   Number         0  printf_stubs.o ABSOLUTE
    _printf_widthprec                        0x00000000   Number         0  printf_stubs.o ABSOLUTE
    __ARM_exceptions_init                     - Undefined Weak Reference
    __alloca_initialize                       - Undefined Weak Reference
    __arm_fini_                               - Undefined Weak Reference
    __arm_preinit_                            - Undefined Weak Reference
    __cpp_initialize__aeabi_                  - Undefined Weak Reference
    __cxa_finalize                            - Undefined Weak Reference
    __rt_locale                               - Undefined Weak Reference
    __sigvec_lookup                           - Undefined Weak Reference
    __user_heap_extent                        - Undefined Weak Reference
    _atexit_init                              - Undefined Weak Reference
    _call_atexit_fns                          - Undefined Weak Reference
    _clock_init                               - Undefined Weak Reference
    _fp_trap_init                             - Undefined Weak Reference
    _fp_trap_shutdown                         - Undefined Weak Reference
    _get_lc_collate                           - Undefined Weak Reference
    _get_lc_ctype                             - Undefined Weak Reference
    _get_lc_monetary                          - Undefined Weak Reference
    _get_lc_numeric                           - Undefined Weak Reference
    _get_lc_time                              - Undefined Weak Reference
    _getenv_init                              - Undefined Weak Reference
    _handle_redirection                       - Undefined Weak Reference
    _mutex_acquire                            - Undefined Weak Reference
    _mutex_free                               - Undefined Weak Reference
    _mutex_release                            - Undefined Weak Reference
    _printf_truncate_unsigned                 - Undefined Weak Reference
    _rand_init                                - Undefined Weak Reference
    _signal_finish                            - Undefined Weak Reference
    _signal_init                              - Undefined Weak Reference
    __Vectors_Size                           0x000000ec   Number         0  startup_stm32f10x_md.o ABSOLUTE
    __Vectors                                0x08000000   Data           4  startup_stm32f10x_md.o(RESET)
    __Vectors_End                            0x080000ec   Data           0  startup_stm32f10x_md.o(RESET)
    __main                                   0x080000ed   Thumb Code     8  __main.o(!!!main)
    __scatterload                            0x080000f5   Thumb Code     0  __scatter.o(!!!scatter)
    __scatterload_rt2                        0x080000f5   Thumb Code    44  __scatter.o(!!!scatter)
    __scatterload_rt2_thumb_only             0x080000f5   Thumb Code     0  __scatter.o(!!!scatter)
    __scatterload_null                       0x08000103   Thumb Code     0  __scatter.o(!!!scatter)
    __scatterload_copy                       0x08000129   Thumb Code    26  __scatter_copy.o(!!handler_copy)
    __scatterload_zeroinit                   0x08000145   Thumb Code    28  __scatter_zi.o(!!handler_zi)
    _printf_percent                          0x08000161   Thumb Code     0  _printf_percent.o(.ARM.Collect$$_printf_percent$$00000000)
    _printf_x                                0x08000161   Thumb Code     0  _printf_x.o(.ARM.Collect$$_printf_percent$$0000000C)
    _printf_percent_end                      0x08000167   Thumb Code     0  _printf_percent_end.o(.ARM.Collect$$_printf_percent$$00000017)
    __rt_lib_init                            0x0800016b   Thumb Code     0  libinit.o(.ARM.Collect$$libinit$$00000000)
    __rt_lib_init_fp_1                       0x0800016d   Thumb Code     0  libinit2.o(.ARM.Collect$$libinit$$00000002)
    __rt_lib_init_heap_2                     0x0800016d   Thumb Code     0  libinit2.o(.ARM.Collect$$libinit$$00000005)
    __rt_lib_init_preinit_1                  0x0800016d   Thumb Code     0  libinit2.o(.ARM.Collect$$libinit$$00000004)
    __rt_lib_init_atexit_1                   0x08000175   Thumb Code     0  libinit2.o(.ARM.Collect$$libinit$$0000001B)
    __rt_lib_init_clock_1                    0x08000175   Thumb Code     0  libinit2.o(.ARM.Collect$$libinit$$00000021)
    __rt_lib_init_fp_trap_1                  0x08000175   Thumb Code     0  libinit2.o(.ARM.Collect$$libinit$$0000001F)
    __rt_lib_init_getenv_1                   0x08000175   Thumb Code     0  libinit2.o(.ARM.Collect$$libinit$$00000023)
    __rt_lib_init_heap_1                     0x08000175   Thumb Code     0  libinit2.o(.ARM.Collect$$libinit$$0000000A)
    __rt_lib_init_lc_collate_1               0x08000175   Thumb Code     0  libinit2.o(.ARM.Collect$$libinit$$00000011)
    __rt_lib_init_lc_ctype_1                 0x08000175   Thumb Code     0  libinit2.o(.ARM.Collect$$libinit$$00000013)
    __rt_lib_init_lc_monetary_1              0x08000175   Thumb Code     0  libinit2.o(.ARM.Collect$$libinit$$00000015)
    __rt_lib_init_lc_numeric_1               0x08000175   Thumb Code     0  libinit2.o(.ARM.Collect$$libinit$$00000017)
    __rt_lib_init_lc_time_1                  0x08000175   Thumb Code     0  libinit2.o(.ARM.Collect$$libinit$$00000019)
    __rt_lib_init_rand_1                     0x08000175   Thumb Code     0  libinit2.o(.ARM.Collect$$libinit$$0000000E)
    __rt_lib_init_signal_1                   0x08000175   Thumb Code     0  libinit2.o(.ARM.Collect$$libinit$$0000001D)
    __rt_lib_init_stdio_2                    0x08000175   Thumb Code     0  libinit2.o(.ARM.Collect$$libinit$$00000024)
    __rt_lib_init_user_alloc_1               0x08000175   Thumb Code     0  libinit2.o(.ARM.Collect$$libinit$$0000000C)
    __rt_lib_init_alloca_1                   0x08000179   Thumb Code     0  libinit2.o(.ARM.Collect$$libinit$$0000002E)
    __rt_lib_init_argv_1                     0x08000179   Thumb Code     0  libinit2.o(.ARM.Collect$$libinit$$0000002C)
    __rt_lib_init_cpp_1                      0x08000179   Thumb Code     0  libinit2.o(.ARM.Collect$$libinit$$00000032)
    __rt_lib_init_exceptions_1               0x08000179   Thumb Code     0  libinit2.o(.ARM.Collect$$libinit$$00000030)
    __rt_lib_init_return                     0x08000179   Thumb Code     0  libinit2.o(.ARM.Collect$$libinit$$00000033)
    __rt_lib_init_stdio_1                    0x08000179   Thumb Code     0  libinit2.o(.ARM.Collect$$libinit$$00000025)
    __rt_lib_shutdown                        0x0800017b   Thumb Code     0  libshutdown.o(.ARM.Collect$$libshutdown$$00000000)
    __rt_lib_shutdown_cpp_1                  0x0800017d   Thumb Code     0  libshutdown2.o(.ARM.Collect$$libshutdown$$00000004)
    __rt_lib_shutdown_fini_1                 0x0800017d   Thumb Code     0  libshutdown2.o(.ARM.Collect$$libshutdown$$00000002)
    __rt_lib_shutdown_stdio_2                0x0800017d   Thumb Code     0  libshutdown2.o(.ARM.Collect$$libshutdown$$00000005)
    __rt_lib_shutdown_fp_trap_1              0x08000181   Thumb Code     0  libshutdown2.o(.ARM.Collect$$libshutdown$$00000009)
    __rt_lib_shutdown_heap_1                 0x08000181   Thumb Code     0  libshutdown2.o(.ARM.Collect$$libshutdown$$00000011)
    __rt_lib_shutdown_return                 0x08000181   Thumb Code     0  libshutdown2.o(.ARM.Collect$$libshutdown$$00000012)
    __rt_lib_shutdown_signal_1               0x08000181   Thumb Code     0  libshutdown2.o(.ARM.Collect$$libshutdown$$0000000C)
    __rt_lib_shutdown_stdio_1                0x08000181   Thumb Code     0  libshutdown2.o(.ARM.Collect$$libshutdown$$00000006)
    __rt_lib_shutdown_user_alloc_1           0x08000181   Thumb Code     0  libshutdown2.o(.ARM.Collect$$libshutdown$$0000000E)
    __rt_entry                               0x08000183   Thumb Code     0  __rtentry.o(.ARM.Collect$$rtentry$$00000000)
    __rt_entry_presh_1                       0x08000183   Thumb Code     0  __rtentry2.o(.ARM.Collect$$rtentry$$00000002)
    __rt_entry_sh                            0x08000183   Thumb Code     0  __rtentry4.o(.ARM.Collect$$rtentry$$00000004)
    __rt_entry_li                            0x08000189   Thumb Code     0  __rtentry2.o(.ARM.Collect$$rtentry$$0000000A)
    __rt_entry_postsh_1                      0x08000189   Thumb Code     0  __rtentry2.o(.ARM.Collect$$rtentry$$00000009)
    __rt_entry_main                          0x0800018d   Thumb Code     0  __rtentry2.o(.ARM.Collect$$rtentry$$0000000D)
    __rt_entry_postli_1                      0x0800018d   Thumb Code     0  __rtentry2.o(.ARM.Collect$$rtentry$$0000000C)
    __rt_exit                                0x08000195   Thumb Code     0  rtexit.o(.ARM.Collect$$rtexit$$00000000)
    __rt_exit_ls                             0x08000197   Thumb Code     0  rtexit2.o(.ARM.Collect$$rtexit$$00000003)
    __rt_exit_prels_1                        0x08000197   Thumb Code     0  rtexit2.o(.ARM.Collect$$rtexit$$00000002)
    __rt_exit_exit                           0x0800019b   Thumb Code     0  rtexit2.o(.ARM.Collect$$rtexit$$00000004)
    Reset_Handler                            0x080001a1   Thumb Code     8  startup_stm32f10x_md.o(.text)
    _maybe_terminate_alloc                   0x080001a1   Thumb Code     0  maybetermalloc1.o(.emb_text)
    NMI_Handler                              0x080001a9   Thumb Code     2  startup_stm32f10x_md.o(.text)
    HardFault_Handler                        0x080001ab   Thumb Code     2  startup_stm32f10x_md.o(.text)
    MemManage_Handler                        0x080001ad   Thumb Code     2  startup_stm32f10x_md.o(.text)
    BusFault_Handler                         0x080001af   Thumb Code     2  startup_stm32f10x_md.o(.text)
    UsageFault_Handler                       0x080001b1   Thumb Code     2  startup_stm32f10x_md.o(.text)
    SVC_Handler                              0x080001b3   Thumb Code     2  startup_stm32f10x_md.o(.text)
    DebugMon_Handler                         0x080001b5   Thumb Code     2  startup_stm32f10x_md.o(.text)
    PendSV_Handler                           0x080001b7   Thumb Code     2  startup_stm32f10x_md.o(.text)
    ADC1_2_IRQHandler                        0x080001bb   Thumb Code     0  startup_stm32f10x_md.o(.text)
    CAN1_RX1_IRQHandler                      0x080001bb   Thumb Code     0  startup_stm32f10x_md.o(.text)
    CAN1_SCE_IRQHandler                      0x080001bb   Thumb Code     0  startup_stm32f10x_md.o(.text)
    DMA1_Channel1_IRQHandler                 0x080001bb   Thumb Code     0  startup_stm32f10x_md.o(.text)
    DMA1_Channel3_IRQHandler                 0x080001bb   Thumb Code     0  startup_stm32f10x_md.o(.text)
    DMA1_Channel5_IRQHandler                 0x080001bb   Thumb Code     0  startup_stm32f10x_md.o(.text)
    DMA1_Channel6_IRQHandler                 0x080001bb   Thumb Code     0  startup_stm32f10x_md.o(.text)
    DMA1_Channel7_IRQHandler                 0x080001bb   Thumb Code     0  startup_stm32f10x_md.o(.text)
    EXTI0_IRQHandler                         0x080001bb   Thumb Code     0  startup_stm32f10x_md.o(.text)
    EXTI15_10_IRQHandler                     0x080001bb   Thumb Code     0  startup_stm32f10x_md.o(.text)
    EXTI1_IRQHandler                         0x080001bb   Thumb Code     0  startup_stm32f10x_md.o(.text)
    EXTI2_IRQHandler                         0x080001bb   Thumb Code     0  startup_stm32f10x_md.o(.text)
    EXTI3_IRQHandler                         0x080001bb   Thumb Code     0  startup_stm32f10x_md.o(.text)
    EXTI4_IRQHandler                         0x080001bb   Thumb Code     0  startup_stm32f10x_md.o(.text)
    EXTI9_5_IRQHandler                       0x080001bb   Thumb Code     0  startup_stm32f10x_md.o(.text)
    FLASH_IRQHandler                         0x080001bb   Thumb Code     0  startup_stm32f10x_md.o(.text)
    I2C1_ER_IRQHandler                       0x080001bb   Thumb Code     0  startup_stm32f10x_md.o(.text)
    I2C1_EV_IRQHandler                       0x080001bb   Thumb Code     0  startup_stm32f10x_md.o(.text)
    I2C2_ER_IRQHandler                       0x080001bb   Thumb Code     0  startup_stm32f10x_md.o(.text)
    I2C2_EV_IRQHandler                       0x080001bb   Thumb Code     0  startup_stm32f10x_md.o(.text)
    PVD_IRQHandler                           0x080001bb   Thumb Code     0  startup_stm32f10x_md.o(.text)
    RCC_IRQHandler                           0x080001bb   Thumb Code     0  startup_stm32f10x_md.o(.text)
    RTCAlarm_IRQHandler                      0x080001bb   Thumb Code     0  startup_stm32f10x_md.o(.text)
    RTC_IRQHandler                           0x080001bb   Thumb Code     0  startup_stm32f10x_md.o(.text)
    SPI1_IRQHandler                          0x080001bb   Thumb Code     0  startup_stm32f10x_md.o(.text)
    SPI2_IRQHandler                          0x080001bb   Thumb Code     0  startup_stm32f10x_md.o(.text)
    TAMPER_IRQHandler                        0x080001bb   Thumb Code     0  startup_stm32f10x_md.o(.text)
    TIM1_BRK_IRQHandler                      0x080001bb   Thumb Code     0  startup_stm32f10x_md.o(.text)
    TIM1_CC_IRQHandler                       0x080001bb   Thumb Code     0  startup_stm32f10x_md.o(.text)
    TIM1_TRG_COM_IRQHandler                  0x080001bb   Thumb Code     0  startup_stm32f10x_md.o(.text)
    TIM1_UP_IRQHandler                       0x080001bb   Thumb Code     0  startup_stm32f10x_md.o(.text)
    TIM2_IRQHandler                          0x080001bb   Thumb Code     0  startup_stm32f10x_md.o(.text)
    TIM3_IRQHandler                          0x080001bb   Thumb Code     0  startup_stm32f10x_md.o(.text)
    TIM4_IRQHandler                          0x080001bb   Thumb Code     0  startup_stm32f10x_md.o(.text)
    USART2_IRQHandler                        0x080001bb   Thumb Code     0  startup_stm32f10x_md.o(.text)
    USBWakeUp_IRQHandler                     0x080001bb   Thumb Code     0  startup_stm32f10x_md.o(.text)
    USB_HP_CAN1_TX_IRQHandler                0x080001bb   Thumb Code     0  startup_stm32f10x_md.o(.text)
    USB_LP_CAN1_RX0_IRQHandler               0x080001bb   Thumb Code     0  startup_stm32f10x_md.o(.text)
    WWDG_IRQHandler                          0x080001bb   Thumb Code     0  startup_stm32f10x_md.o(.text)
    __user_initial_stackheap                 0x080001bd   Thumb Code     0  startup_stm32f10x_md.o(.text)
    __2printf                                0x080001e1   Thumb Code    20  noretval__2printf.o(.text)
    _printf_pre_padding                      0x080001f9   Thumb Code    44  _printf_pad.o(.text)
    _printf_post_padding                     0x08000225   Thumb Code    34  _printf_pad.o(.text)
    _printf_int_hex                          0x08000249   Thumb Code    84  _printf_hex_int.o(.text)
    _printf_longlong_hex                     0x08000249   Thumb Code     0  _printf_hex_int.o(.text)
    __printf                                 0x080002a1   Thumb Code   308  __printf_flags_wp.o(.text)
    __aeabi_memclr4                          0x080003d9   Thumb Code     0  rt_memclr_w.o(.text)
    __aeabi_memclr8                          0x080003d9   Thumb Code     0  rt_memclr_w.o(.text)
    __rt_memclr_w                            0x080003d9   Thumb Code    78  rt_memclr_w.o(.text)
    _memset_w                                0x080003dd   Thumb Code     0  rt_memclr_w.o(.text)
    __use_two_region_memory                  0x08000427   Thumb Code     2  heapauxi.o(.text)
    __rt_heap_escrow                         0x08000429   Thumb Code     2  heapauxi.o(.text)
    __rt_heap_expand                         0x0800042b   Thumb Code     2  heapauxi.o(.text)
    _printf_int_common                       0x0800042d   Thumb Code   178  _printf_intcommon.o(.text)
    _printf_char_file                        0x080004e1   Thumb Code    32  _printf_char_file.o(.text)
    _printf_char_common                      0x0800050f   Thumb Code    32  _printf_char_common.o(.text)
    ferror                                   0x08000535   Thumb Code     8  ferror.o(.text)
    _initio                                  0x0800053d   Thumb Code   210  initio.o(.text)
    _terminateio                             0x0800060f   Thumb Code    56  initio.o(.text)
    _sys_open                                0x08000675   Thumb Code    20  sys_io.o(.text)
    _sys_close                               0x08000689   Thumb Code    12  sys_io.o(.text)
    _sys_write                               0x08000695   Thumb Code    16  sys_io.o(.text)
    _sys_read                                0x080006a5   Thumb Code    14  sys_io.o(.text)
    _sys_istty                               0x080006b3   Thumb Code    12  sys_io.o(.text)
    _sys_seek                                0x080006bf   Thumb Code    14  sys_io.o(.text)
    _sys_ensure                              0x080006cd   Thumb Code     2  sys_io.o(.text)
    _sys_flen                                0x080006cf   Thumb Code    12  sys_io.o(.text)
    __user_setup_stackheap                   0x080006db   Thumb Code    74  sys_stackheap_outer.o(.text)
    free                                     0x08000725   Thumb Code    78  h1_free.o(.text)
    setvbuf                                  0x08000773   Thumb Code    70  setvbuf.o(.text)
    freopen                                  0x080007b9   Thumb Code   158  fopen.o(.text)
    fopen                                    0x08000857   Thumb Code    74  fopen.o(.text)
    _fclose_internal                         0x080008a5   Thumb Code    76  fclose.o(.text)
    fclose                                   0x080008a5   Thumb Code     0  fclose.o(.text)
    exit                                     0x080008f1   Thumb Code    18  exit.o(.text)
    __rt_SIGRTRED                            0x08000903   Thumb Code    14  defsig_rtred_outer.o(.text)
    __user_libspace                          0x08000911   Thumb Code     8  libspace.o(.text)
    __user_perproc_libspace                  0x08000911   Thumb Code     0  libspace.o(.text)
    __user_perthread_libspace                0x08000911   Thumb Code     0  libspace.o(.text)
    __I$use$semihosting                      0x08000919   Thumb Code     0  use_no_semi.o(.text)
    __use_no_semihosting_swi                 0x08000919   Thumb Code     2  use_no_semi.o(.text)
    __semihosting_library_function           0x0800091b   Thumb Code     0  indicate_semi.o(.text)
    __rt_heap_descriptor                     0x0800091d   Thumb Code     8  rt_heap_descriptor_intlibspace.o(.text)
    __use_no_heap                            0x08000925   Thumb Code     2  hguard.o(.text)
    __heap$guard                             0x08000927   Thumb Code     2  hguard.o(.text)
    _terminate_user_alloc                    0x08000929   Thumb Code     2  init_alloc.o(.text)
    _init_user_alloc                         0x0800092b   Thumb Code     2  init_alloc.o(.text)
    __Heap_Full                              0x0800092d   Thumb Code    34  init_alloc.o(.text)
    __Heap_Broken                            0x0800094f   Thumb Code     6  init_alloc.o(.text)
    _init_alloc                              0x08000955   Thumb Code    94  init_alloc.o(.text)
    malloc                                   0x080009b3   Thumb Code    94  h1_alloc.o(.text)
    _fseek                                   0x08000a11   Thumb Code   242  fseek.o(.text)
    fseek                                    0x08000a11   Thumb Code     0  fseek.o(.text)
    _seterr                                  0x08000b09   Thumb Code    20  stdio.o(.text)
    _writebuf                                0x08000b1d   Thumb Code    84  stdio.o(.text)
    _fflush                                  0x08000b71   Thumb Code    70  stdio.o(.text)
    _deferredlazyseek                        0x08000bb7   Thumb Code    60  stdio.o(.text)
    __sig_exit                               0x08000bf9   Thumb Code    10  defsig_exit.o(.text)
    __rt_SIGRTRED_inner                      0x08000c05   Thumb Code    14  defsig_rtred_inner.o(.text)
    strlen                                   0x08000c39   Thumb Code    62  strlen.o(.text)
    _sys_exit                                0x08000c79   Thumb Code     8  sys_exit.o(.text)
    __Heap_Initialize                        0x08000c85   Thumb Code    10  h1_init.o(.text)
    __Heap_DescSize                          0x08000c8f   Thumb Code     4  h1_init.o(.text)
    __Heap_ProvideMemory                     0x08000c93   Thumb Code    52  h1_extend.o(.text)
    _ftell_internal                          0x08000cc7   Thumb Code    66  ftell.o(.text)
    ftell                                    0x08000cc7   Thumb Code     0  ftell.o(.text)
    __default_signal_display                 0x08000d09   Thumb Code    50  defsig_general.o(.text)
    __rt_SIGRTMEM                            0x08000d3b   Thumb Code    14  defsig_rtmem_outer.o(.text)
    _ttywrch                                 0x08000d49   Thumb Code    14  sys_wrch.o(.text)
    __aeabi_errno_addr                       0x08000d59   Thumb Code     8  rt_errno_addr_intlibspace.o(.text)
    __errno$intlibspace                      0x08000d59   Thumb Code     0  rt_errno_addr_intlibspace.o(.text)
    __rt_errno_addr$intlibspace              0x08000d59   Thumb Code     0  rt_errno_addr_intlibspace.o(.text)
    __rt_SIGRTMEM_inner                      0x08000d61   Thumb Code    22  defsig_rtmem_inner.o(.text)
    DMA1_Channel2_IRQHandler                 0x08000db1   Thumb Code    16  com_x.o(i.DMA1_Channel2_IRQHandler)
    DMA1_Channel4_IRQHandler                 0x08000dc1   Thumb Code    30  debug_x.o(i.DMA1_Channel4_IRQHandler)
    DMA_ClearFlag                            0x08000de5   Thumb Code    18  stm32f10x_dma.o(i.DMA_ClearFlag)
    DMA_Cmd                                  0x08000e01   Thumb Code    24  stm32f10x_dma.o(i.DMA_Cmd)
    DMA_DeInit                               0x08000e19   Thumb Code   324  stm32f10x_dma.o(i.DMA_DeInit)
    DMA_GetCurrDataCounter                   0x08000f65   Thumb Code     8  stm32f10x_dma.o(i.DMA_GetCurrDataCounter)
    DMA_GetITStatus                          0x08000f6d   Thumb Code    36  stm32f10x_dma.o(i.DMA_GetITStatus)
    DMA_ITConfig                             0x08000f99   Thumb Code    18  stm32f10x_dma.o(i.DMA_ITConfig)
    DMA_Init                                 0x08000fab   Thumb Code    60  stm32f10x_dma.o(i.DMA_Init)
    GPIO_Init                                0x08000fe7   Thumb Code   278  stm32f10x_gpio.o(i.GPIO_Init)
    NVIC_Init                                0x080010fd   Thumb Code   100  misc.o(i.NVIC_Init)
    NVIC_PriorityGroupConfig                 0x0800116d   Thumb Code    10  misc.o(i.NVIC_PriorityGroupConfig)
    RCC_AHBPeriphClockCmd                    0x08001181   Thumb Code    26  stm32f10x_rcc.o(i.RCC_AHBPeriphClockCmd)
    RCC_APB1PeriphClockCmd                   0x080011a1   Thumb Code    26  stm32f10x_rcc.o(i.RCC_APB1PeriphClockCmd)
    RCC_APB2PeriphClockCmd                   0x080011c1   Thumb Code    26  stm32f10x_rcc.o(i.RCC_APB2PeriphClockCmd)
    RCC_GetClocksFreq                        0x080011e1   Thumb Code   192  stm32f10x_rcc.o(i.RCC_GetClocksFreq)
    SysTick_Handler                          0x0800139d   Thumb Code    50  delay.o(i.SysTick_Handler)
    SystemCoreClockUpdate                    0x080013d9   Thumb Code   142  system_stm32f10x.o(i.SystemCoreClockUpdate)
    SystemInit                               0x0800147d   Thumb Code    78  system_stm32f10x.o(i.SystemInit)
    USART1_IRQHandler                        0x080014dd   Thumb Code    26  debug_x.o(i.USART1_IRQHandler)
    USART3_IRQHandler                        0x080014fd   Thumb Code    26  com_x.o(i.USART3_IRQHandler)
    USART_Cmd                                0x0800151d   Thumb Code    24  stm32f10x_usart.o(i.USART_Cmd)
    USART_DMACmd                             0x08001535   Thumb Code    18  stm32f10x_usart.o(i.USART_DMACmd)
    USART_GetITStatus                        0x08001547   Thumb Code    84  stm32f10x_usart.o(i.USART_GetITStatus)
    USART_ITConfig                           0x0800159b   Thumb Code    74  stm32f10x_usart.o(i.USART_ITConfig)
    USART_Init                               0x080015e5   Thumb Code   210  stm32f10x_usart.o(i.USART_Init)
    USART_ReceiveData                        0x080016bd   Thumb Code    10  stm32f10x_usart.o(i.USART_ReceiveData)
    _is_digit                                0x080016c7   Thumb Code    14  __printf_wp.o(i._is_digit)
    com_x_uasrt_nvic_config                  0x080016d5   Thumb Code    70  com_x.o(i.com_x_uasrt_nvic_config)
    com_x_usart_Init                         0x0800171b   Thumb Code    24  com_x.o(i.com_x_usart_Init)
    com_x_usart_config                       0x08001735   Thumb Code   102  com_x.o(i.com_x_usart_config)
    com_x_usart_dma_config                   0x080017a1   Thumb Code   176  com_x.o(i.com_x_usart_dma_config)
    com_x_usart_dma_read                     0x08001861   Thumb Code   130  com_x.o(i.com_x_usart_dma_read)
    com_x_usart_dma_start_tx                 0x08001925   Thumb Code    20  com_x.o(i.com_x_usart_dma_start_tx)
    com_x_usart_dma_tx_over                  0x0800193d   Thumb Code    18  com_x.o(i.com_x_usart_dma_tx_over)
    com_x_usart_gpio_config                  0x08001955   Thumb Code    54  com_x.o(i.com_x_usart_gpio_config)
    com_x_usart_rcc_config                   0x08001991   Thumb Code    28  com_x.o(i.com_x_usart_rcc_config)
    data_pack                                0x080019ad   Thumb Code   336  com_x.o(i.data_pack)
    debug_x_uasrt_nvic_config                0x08001b11   Thumb Code    70  debug_x.o(i.debug_x_uasrt_nvic_config)
    debug_x_usart_In_Queue                   0x08001b59   Thumb Code    72  debug_x.o(i.debug_x_usart_In_Queue)
    debug_x_usart_Init                       0x08001ba5   Thumb Code    24  debug_x.o(i.debug_x_usart_Init)
    debug_x_usart_Out_Queue                  0x08001bbd   Thumb Code    80  debug_x.o(i.debug_x_usart_Out_Queue)
    debug_x_usart_config                     0x08001c11   Thumb Code   112  debug_x.o(i.debug_x_usart_config)
    debug_x_usart_dma_ctl                    0x08001c85   Thumb Code    70  debug_x.o(i.debug_x_usart_dma_ctl)
    debug_x_usart_dma_read                   0x08001cd5   Thumb Code    94  debug_x.o(i.debug_x_usart_dma_read)
    debug_x_usart_dma_rx_config              0x08001d41   Thumb Code    90  debug_x.o(i.debug_x_usart_dma_rx_config)
    debug_x_usart_dma_start_tx               0x08001da9   Thumb Code    32  debug_x.o(i.debug_x_usart_dma_start_tx)
    debug_x_usart_dma_tx_config              0x08001dcd   Thumb Code    90  debug_x.o(i.debug_x_usart_dma_tx_config)
    debug_x_usart_gpio_config                0x08001e31   Thumb Code    54  debug_x.o(i.debug_x_usart_gpio_config)
    debug_x_usart_rcc_config                 0x08001e6d   Thumb Code    28  debug_x.o(i.debug_x_usart_rcc_config)
    delay_init                               0x08001e89   Thumb Code    86  delay.o(i.delay_init)
    delay_ms                                 0x08001ef1   Thumb Code    26  delay.o(i.delay_ms)
    delay_us                                 0x08001f0d   Thumb Code    16  delay.o(i.delay_us)
    fputc                                    0x08001f21   Thumb Code    16  debug_x.o(i.fputc)
    get_data_analyze                         0x08001f31   Thumb Code   162  com_x.o(i.get_data_analyze)
    main                                     0x08001fd9   Thumb Code    10  main.o(i.main)
    test002                                  0x08001fe5   Thumb Code    48  test002.o(i.test002)
    __stdin_name                             0x080020b1   Data           4  sys_io.o(.constdata)
    __stdout_name                            0x080020b5   Data           4  sys_io.o(.constdata)
    __stderr_name                            0x080020b9   Data           4  sys_io.o(.constdata)
    Region$$Table$$Base                      0x080020c0   Number         0  anon$$obj.o(Region$$Table)
    Region$$Table$$Limit                     0x080020e0   Number         0  anon$$obj.o(Region$$Table)
    SystemCoreClock                          0x20000014   Data           4  system_stm32f10x.o(.data)
    AHBPrescTable                            0x20000018   Data          16  system_stm32f10x.o(.data)
    __aeabi_stdin                            0x20000030   Data           4  stdio_streams.o(.data)
    __aeabi_stdout                           0x20000034   Data           4  stdio_streams.o(.data)
    __aeabi_stderr                           0x20000038   Data           4  stdio_streams.o(.data)
    USARTzTxBuffer                           0x2000003c   Data          64  com_x.o(.bss)
    USARTzRxBuffer                           0x2000007c   Data          64  com_x.o(.bss)
    USARTzRxBufferD                          0x200000bc   Data          64  com_x.o(.bss)
    com_x_send_data                          0x200000fc   Data          24  com_x.o(.bss)
    com_x_rcv_data                           0x20000114   Data          12  com_x.o(.bss)
    USARTm_Tx_Buf_Queue                      0x20000120   Data         272  debug_x.o(.bss)
    USARTmTxBuffer                           0x20000230   Data         256  debug_x.o(.bss)
    USARTmRxBuffer                           0x20000330   Data          32  debug_x.o(.bss)
    USARTmRxBufferD                          0x20000350   Data          32  debug_x.o(.bss)
    __stdin                                  0x20000370   Data          84  stdio_streams.o(.bss)
    __stdout                                 0x200003c4   Data          84  stdio_streams.o(.bss)
    __stderr                                 0x20000418   Data          84  stdio_streams.o(.bss)
    __libspace_start                         0x2000046c   Data          96  libspace.o(.bss)
    __temporary_stack_top$libspace           0x200004cc   Data           0  libspace.o(.bss)



==============================================================================

Memory Map of the image

  Image Entry point : 0x080000ed

  Load Region LR_IROM1 (Base: 0x08000000, Size: 0x0000211c, Max: 0x00010000, ABSOLUTE)

    Execution Region ER_IROM1 (Exec base: 0x08000000, Load base: 0x08000000, Size: 0x000020e0, Max: 0x00010000, ABSOLUTE)

    Exec Addr    Load Addr    Size         Type   Attr      Idx    E Section Name        Object

    0x08000000   0x08000000   0x000000ec   Data   RO         3069    RESET               startup_stm32f10x_md.o
    0x080000ec   0x080000ec   0x00000008   Code   RO         3496  * !!!main             c_w.l(__main.o)
    0x080000f4   0x080000f4   0x00000034   Code   RO         3819    !!!scatter          c_w.l(__scatter.o)
    0x08000128   0x08000128   0x0000001a   Code   RO         3821    !!handler_copy      c_w.l(__scatter_copy.o)
    0x08000142   0x08000142   0x00000002   PAD
    0x08000144   0x08000144   0x0000001c   Code   RO         3823    !!handler_zi        c_w.l(__scatter_zi.o)
    0x08000160   0x08000160   0x00000000   Code   RO         3491    .ARM.Collect$$_printf_percent$$00000000  c_w.l(_printf_percent.o)
    0x08000160   0x08000160   0x00000006   Code   RO         3490    .ARM.Collect$$_printf_percent$$0000000C  c_w.l(_printf_x.o)
    0x08000166   0x08000166   0x00000004   Code   RO         3503    .ARM.Collect$$_printf_percent$$00000017  c_w.l(_printf_percent_end.o)
    0x0800016a   0x0800016a   0x00000002   Code   RO         3624    .ARM.Collect$$libinit$$00000000  c_w.l(libinit.o)
    0x0800016c   0x0800016c   0x00000000   Code   RO         3626    .ARM.Collect$$libinit$$00000002  c_w.l(libinit2.o)
    0x0800016c   0x0800016c   0x00000000   Code   RO         3628    .ARM.Collect$$libinit$$00000004  c_w.l(libinit2.o)
    0x0800016c   0x0800016c   0x00000008   Code   RO         3629    .ARM.Collect$$libinit$$00000005  c_w.l(libinit2.o)
    0x08000174   0x08000174   0x00000000   Code   RO         3631    .ARM.Collect$$libinit$$0000000A  c_w.l(libinit2.o)
    0x08000174   0x08000174   0x00000000   Code   RO         3633    .ARM.Collect$$libinit$$0000000C  c_w.l(libinit2.o)
    0x08000174   0x08000174   0x00000000   Code   RO         3635    .ARM.Collect$$libinit$$0000000E  c_w.l(libinit2.o)
    0x08000174   0x08000174   0x00000000   Code   RO         3638    .ARM.Collect$$libinit$$00000011  c_w.l(libinit2.o)
    0x08000174   0x08000174   0x00000000   Code   RO         3640    .ARM.Collect$$libinit$$00000013  c_w.l(libinit2.o)
    0x08000174   0x08000174   0x00000000   Code   RO         3642    .ARM.Collect$$libinit$$00000015  c_w.l(libinit2.o)
    0x08000174   0x08000174   0x00000000   Code   RO         3644    .ARM.Collect$$libinit$$00000017  c_w.l(libinit2.o)
    0x08000174   0x08000174   0x00000000   Code   RO         3646    .ARM.Collect$$libinit$$00000019  c_w.l(libinit2.o)
    0x08000174   0x08000174   0x00000000   Code   RO         3648    .ARM.Collect$$libinit$$0000001B  c_w.l(libinit2.o)
    0x08000174   0x08000174   0x00000000   Code   RO         3650    .ARM.Collect$$libinit$$0000001D  c_w.l(libinit2.o)
    0x08000174   0x08000174   0x00000000   Code   RO         3652    .ARM.Collect$$libinit$$0000001F  c_w.l(libinit2.o)
    0x08000174   0x08000174   0x00000000   Code   RO         3654    .ARM.Collect$$libinit$$00000021  c_w.l(libinit2.o)
    0x08000174   0x08000174   0x00000000   Code   RO         3656    .ARM.Collect$$libinit$$00000023  c_w.l(libinit2.o)
    0x08000174   0x08000174   0x00000004   Code   RO         3657    .ARM.Collect$$libinit$$00000024  c_w.l(libinit2.o)
    0x08000178   0x08000178   0x00000000   Code   RO         3658    .ARM.Collect$$libinit$$00000025  c_w.l(libinit2.o)
    0x08000178   0x08000178   0x00000000   Code   RO         3662    .ARM.Collect$$libinit$$0000002C  c_w.l(libinit2.o)
    0x08000178   0x08000178   0x00000000   Code   RO         3664    .ARM.Collect$$libinit$$0000002E  c_w.l(libinit2.o)
    0x08000178   0x08000178   0x00000000   Code   RO         3666    .ARM.Collect$$libinit$$00000030  c_w.l(libinit2.o)
    0x08000178   0x08000178   0x00000000   Code   RO         3668    .ARM.Collect$$libinit$$00000032  c_w.l(libinit2.o)
    0x08000178   0x08000178   0x00000002   Code   RO         3669    .ARM.Collect$$libinit$$00000033  c_w.l(libinit2.o)
    0x0800017a   0x0800017a   0x00000002   Code   RO         3798    .ARM.Collect$$libshutdown$$00000000  c_w.l(libshutdown.o)
    0x0800017c   0x0800017c   0x00000000   Code   RO         3671    .ARM.Collect$$libshutdown$$00000002  c_w.l(libshutdown2.o)
    0x0800017c   0x0800017c   0x00000000   Code   RO         3673    .ARM.Collect$$libshutdown$$00000004  c_w.l(libshutdown2.o)
    0x0800017c   0x0800017c   0x00000004   Code   RO         3674    .ARM.Collect$$libshutdown$$00000005  c_w.l(libshutdown2.o)
    0x08000180   0x08000180   0x00000000   Code   RO         3675    .ARM.Collect$$libshutdown$$00000006  c_w.l(libshutdown2.o)
    0x08000180   0x08000180   0x00000000   Code   RO         3678    .ARM.Collect$$libshutdown$$00000009  c_w.l(libshutdown2.o)
    0x08000180   0x08000180   0x00000000   Code   RO         3681    .ARM.Collect$$libshutdown$$0000000C  c_w.l(libshutdown2.o)
    0x08000180   0x08000180   0x00000000   Code   RO         3683    .ARM.Collect$$libshutdown$$0000000E  c_w.l(libshutdown2.o)
    0x08000180   0x08000180   0x00000000   Code   RO         3686    .ARM.Collect$$libshutdown$$00000011  c_w.l(libshutdown2.o)
    0x08000180   0x08000180   0x00000002   Code   RO         3687    .ARM.Collect$$libshutdown$$00000012  c_w.l(libshutdown2.o)
    0x08000182   0x08000182   0x00000000   Code   RO         3498    .ARM.Collect$$rtentry$$00000000  c_w.l(__rtentry.o)
    0x08000182   0x08000182   0x00000000   Code   RO         3511    .ARM.Collect$$rtentry$$00000002  c_w.l(__rtentry2.o)
    0x08000182   0x08000182   0x00000006   Code   RO         3523    .ARM.Collect$$rtentry$$00000004  c_w.l(__rtentry4.o)
    0x08000188   0x08000188   0x00000000   Code   RO         3513    .ARM.Collect$$rtentry$$00000009  c_w.l(__rtentry2.o)
    0x08000188   0x08000188   0x00000004   Code   RO         3514    .ARM.Collect$$rtentry$$0000000A  c_w.l(__rtentry2.o)
    0x0800018c   0x0800018c   0x00000000   Code   RO         3516    .ARM.Collect$$rtentry$$0000000C  c_w.l(__rtentry2.o)
    0x0800018c   0x0800018c   0x00000008   Code   RO         3517    .ARM.Collect$$rtentry$$0000000D  c_w.l(__rtentry2.o)
    0x08000194   0x08000194   0x00000002   Code   RO         3694    .ARM.Collect$$rtexit$$00000000  c_w.l(rtexit.o)
    0x08000196   0x08000196   0x00000000   Code   RO         3744    .ARM.Collect$$rtexit$$00000002  c_w.l(rtexit2.o)
    0x08000196   0x08000196   0x00000004   Code   RO         3745    .ARM.Collect$$rtexit$$00000003  c_w.l(rtexit2.o)
    0x0800019a   0x0800019a   0x00000006   Code   RO         3746    .ARM.Collect$$rtexit$$00000004  c_w.l(rtexit2.o)
    0x080001a0   0x080001a0   0x00000000   Code   RO         3750    .emb_text           c_w.l(maybetermalloc1.o)
    0x080001a0   0x080001a0   0x00000040   Code   RO         3070    .text               startup_stm32f10x_md.o
    0x080001e0   0x080001e0   0x00000018   Code   RO         3443    .text               c_w.l(noretval__2printf.o)
    0x080001f8   0x080001f8   0x0000004e   Code   RO         3447    .text               c_w.l(_printf_pad.o)
    0x08000246   0x08000246   0x00000002   PAD
    0x08000248   0x08000248   0x00000058   Code   RO         3452    .text               c_w.l(_printf_hex_int.o)
    0x080002a0   0x080002a0   0x00000138   Code   RO         3482    .text               c_w.l(__printf_flags_wp.o)
    0x080003d8   0x080003d8   0x0000004e   Code   RO         3492    .text               c_w.l(rt_memclr_w.o)
    0x08000426   0x08000426   0x00000006   Code   RO         3494    .text               c_w.l(heapauxi.o)
    0x0800042c   0x0800042c   0x000000b2   Code   RO         3499    .text               c_w.l(_printf_intcommon.o)
    0x080004de   0x080004de   0x00000002   PAD
    0x080004e0   0x080004e0   0x00000024   Code   RO         3501    .text               c_w.l(_printf_char_file.o)
    0x08000504   0x08000504   0x00000030   Code   RO         3525    .text               c_w.l(_printf_char_common.o)
    0x08000534   0x08000534   0x00000008   Code   RO         3527    .text               c_w.l(ferror.o)
    0x0800053c   0x0800053c   0x00000138   Code   RO         3529    .text               c_w.l(initio.o)
    0x08000674   0x08000674   0x00000066   Code   RO         3535    .text               c_w.l(sys_io.o)
    0x080006da   0x080006da   0x0000004a   Code   RO         3542    .text               c_w.l(sys_stackheap_outer.o)
    0x08000724   0x08000724   0x0000004e   Code   RO         3546    .text               c_w.l(h1_free.o)
    0x08000772   0x08000772   0x00000046   Code   RO         3602    .text               c_w.l(setvbuf.o)
    0x080007b8   0x080007b8   0x000000ec   Code   RO         3605    .text               c_w.l(fopen.o)
    0x080008a4   0x080008a4   0x0000004c   Code   RO         3607    .text               c_w.l(fclose.o)
    0x080008f0   0x080008f0   0x00000012   Code   RO         3613    .text               c_w.l(exit.o)
    0x08000902   0x08000902   0x0000000e   Code   RO         3615    .text               c_w.l(defsig_rtred_outer.o)
    0x08000910   0x08000910   0x00000008   Code   RO         3688    .text               c_w.l(libspace.o)
    0x08000918   0x08000918   0x00000002   Code   RO         3691    .text               c_w.l(use_no_semi.o)
    0x0800091a   0x0800091a   0x00000000   Code   RO         3693    .text               c_w.l(indicate_semi.o)
    0x0800091a   0x0800091a   0x00000002   PAD
    0x0800091c   0x0800091c   0x00000008   Code   RO         3701    .text               c_w.l(rt_heap_descriptor_intlibspace.o)
    0x08000924   0x08000924   0x00000004   Code   RO         3703    .text               c_w.l(hguard.o)
    0x08000928   0x08000928   0x0000008a   Code   RO         3705    .text               c_w.l(init_alloc.o)
    0x080009b2   0x080009b2   0x0000005e   Code   RO         3711    .text               c_w.l(h1_alloc.o)
    0x08000a10   0x08000a10   0x000000f8   Code   RO         3725    .text               c_w.l(fseek.o)
    0x08000b08   0x08000b08   0x000000f0   Code   RO         3727    .text               c_w.l(stdio.o)
    0x08000bf8   0x08000bf8   0x0000000a   Code   RO         3729    .text               c_w.l(defsig_exit.o)
    0x08000c02   0x08000c02   0x00000002   PAD
    0x08000c04   0x08000c04   0x00000034   Code   RO         3731    .text               c_w.l(defsig_rtred_inner.o)
    0x08000c38   0x08000c38   0x0000003e   Code   RO         3733    .text               c_w.l(strlen.o)
    0x08000c76   0x08000c76   0x00000002   PAD
    0x08000c78   0x08000c78   0x0000000c   Code   RO         3741    .text               c_w.l(sys_exit.o)
    0x08000c84   0x08000c84   0x0000000e   Code   RO         3752    .text               c_w.l(h1_init.o)
    0x08000c92   0x08000c92   0x00000034   Code   RO         3754    .text               c_w.l(h1_extend.o)
    0x08000cc6   0x08000cc6   0x00000042   Code   RO         3760    .text               c_w.l(ftell.o)
    0x08000d08   0x08000d08   0x00000032   Code   RO         3764    .text               c_w.l(defsig_general.o)
    0x08000d3a   0x08000d3a   0x0000000e   Code   RO         3766    .text               c_w.l(defsig_rtmem_outer.o)
    0x08000d48   0x08000d48   0x0000000e   Code   RO         3779    .text               c_w.l(sys_wrch.o)
    0x08000d56   0x08000d56   0x00000002   PAD
    0x08000d58   0x08000d58   0x00000008   Code   RO         3786    .text               c_w.l(rt_errno_addr_intlibspace.o)
    0x08000d60   0x08000d60   0x00000050   Code   RO         3792    .text               c_w.l(defsig_rtmem_inner.o)
    0x08000db0   0x08000db0   0x00000010   Code   RO         3201    i.DMA1_Channel2_IRQHandler  com_x.o
    0x08000dc0   0x08000dc0   0x00000024   Code   RO         3294    i.DMA1_Channel4_IRQHandler  debug_x.o
    0x08000de4   0x08000de4   0x0000001c   Code   RO          825    i.DMA_ClearFlag     stm32f10x_dma.o
    0x08000e00   0x08000e00   0x00000018   Code   RO          827    i.DMA_Cmd           stm32f10x_dma.o
    0x08000e18   0x08000e18   0x0000014c   Code   RO          828    i.DMA_DeInit        stm32f10x_dma.o
    0x08000f64   0x08000f64   0x00000008   Code   RO          829    i.DMA_GetCurrDataCounter  stm32f10x_dma.o
    0x08000f6c   0x08000f6c   0x0000002c   Code   RO          831    i.DMA_GetITStatus   stm32f10x_dma.o
    0x08000f98   0x08000f98   0x00000012   Code   RO          832    i.DMA_ITConfig      stm32f10x_dma.o
    0x08000faa   0x08000faa   0x0000003c   Code   RO          833    i.DMA_Init          stm32f10x_dma.o
    0x08000fe6   0x08000fe6   0x00000116   Code   RO         1251    i.GPIO_Init         stm32f10x_gpio.o
    0x080010fc   0x080010fc   0x00000070   Code   RO           17    i.NVIC_Init         misc.o
    0x0800116c   0x0800116c   0x00000014   Code   RO           18    i.NVIC_PriorityGroupConfig  misc.o
    0x08001180   0x08001180   0x00000020   Code   RO         1666    i.RCC_AHBPeriphClockCmd  stm32f10x_rcc.o
    0x080011a0   0x080011a0   0x00000020   Code   RO         1667    i.RCC_APB1PeriphClockCmd  stm32f10x_rcc.o
    0x080011c0   0x080011c0   0x00000020   Code   RO         1669    i.RCC_APB2PeriphClockCmd  stm32f10x_rcc.o
    0x080011e0   0x080011e0   0x000000d4   Code   RO         1677    i.RCC_GetClocksFreq  stm32f10x_rcc.o
    0x080012b4   0x080012b4   0x00000008   Code   RO         3074    i.SetSysClock       system_stm32f10x.o
    0x080012bc   0x080012bc   0x000000e0   Code   RO         3075    i.SetSysClockTo72   system_stm32f10x.o
    0x0800139c   0x0800139c   0x0000003c   Code   RO         3400    i.SysTick_Handler   delay.o
    0x080013d8   0x080013d8   0x000000a4   Code   RO         3076    i.SystemCoreClockUpdate  system_stm32f10x.o
    0x0800147c   0x0800147c   0x00000060   Code   RO         3077    i.SystemInit        system_stm32f10x.o
    0x080014dc   0x080014dc   0x00000020   Code   RO         3295    i.USART1_IRQHandler  debug_x.o
    0x080014fc   0x080014fc   0x00000020   Code   RO         3202    i.USART3_IRQHandler  com_x.o
    0x0800151c   0x0800151c   0x00000018   Code   RO         2837    i.USART_Cmd         stm32f10x_usart.o
    0x08001534   0x08001534   0x00000012   Code   RO         2838    i.USART_DMACmd      stm32f10x_usart.o
    0x08001546   0x08001546   0x00000054   Code   RO         2841    i.USART_GetITStatus  stm32f10x_usart.o
    0x0800159a   0x0800159a   0x0000004a   Code   RO         2843    i.USART_ITConfig    stm32f10x_usart.o
    0x080015e4   0x080015e4   0x000000d8   Code   RO         2844    i.USART_Init        stm32f10x_usart.o
    0x080016bc   0x080016bc   0x0000000a   Code   RO         2851    i.USART_ReceiveData  stm32f10x_usart.o
    0x080016c6   0x080016c6   0x0000000e   Code   RO         3480    i._is_digit         c_w.l(__printf_wp.o)
    0x080016d4   0x080016d4   0x00000046   Code   RO         3203    i.com_x_uasrt_nvic_config  com_x.o
    0x0800171a   0x0800171a   0x00000018   Code   RO         3204    i.com_x_usart_Init  com_x.o
    0x08001732   0x08001732   0x00000002   PAD
    0x08001734   0x08001734   0x0000006c   Code   RO         3205    i.com_x_usart_config  com_x.o
    0x080017a0   0x080017a0   0x000000c0   Code   RO         3206    i.com_x_usart_dma_config  com_x.o
    0x08001860   0x08001860   0x000000c4   Code   RO         3207    i.com_x_usart_dma_read  com_x.o
    0x08001924   0x08001924   0x00000018   Code   RO         3208    i.com_x_usart_dma_start_tx  com_x.o
    0x0800193c   0x0800193c   0x00000018   Code   RO         3209    i.com_x_usart_dma_tx_over  com_x.o
    0x08001954   0x08001954   0x0000003c   Code   RO         3210    i.com_x_usart_gpio_config  com_x.o
    0x08001990   0x08001990   0x0000001c   Code   RO         3211    i.com_x_usart_rcc_config  com_x.o
    0x080019ac   0x080019ac   0x00000164   Code   RO         3212    i.data_pack         com_x.o
    0x08001b10   0x08001b10   0x00000046   Code   RO         3296    i.debug_x_uasrt_nvic_config  debug_x.o
    0x08001b56   0x08001b56   0x00000002   PAD
    0x08001b58   0x08001b58   0x0000004c   Code   RO         3297    i.debug_x_usart_In_Queue  debug_x.o
    0x08001ba4   0x08001ba4   0x00000018   Code   RO         3298    i.debug_x_usart_Init  debug_x.o
    0x08001bbc   0x08001bbc   0x00000054   Code   RO         3299    i.debug_x_usart_Out_Queue  debug_x.o
    0x08001c10   0x08001c10   0x00000074   Code   RO         3300    i.debug_x_usart_config  debug_x.o
    0x08001c84   0x08001c84   0x00000050   Code   RO         3301    i.debug_x_usart_dma_ctl  debug_x.o
    0x08001cd4   0x08001cd4   0x0000006c   Code   RO         3302    i.debug_x_usart_dma_read  debug_x.o
    0x08001d40   0x08001d40   0x00000068   Code   RO         3303    i.debug_x_usart_dma_rx_config  debug_x.o
    0x08001da8   0x08001da8   0x00000024   Code   RO         3304    i.debug_x_usart_dma_start_tx  debug_x.o
    0x08001dcc   0x08001dcc   0x00000064   Code   RO         3305    i.debug_x_usart_dma_tx_config  debug_x.o
    0x08001e30   0x08001e30   0x0000003c   Code   RO         3306    i.debug_x_usart_gpio_config  debug_x.o
    0x08001e6c   0x08001e6c   0x0000001c   Code   RO         3307    i.debug_x_usart_rcc_config  debug_x.o
    0x08001e88   0x08001e88   0x00000068   Code   RO         3401    i.delay_init        delay.o
    0x08001ef0   0x08001ef0   0x0000001a   Code   RO         3402    i.delay_ms          delay.o
    0x08001f0a   0x08001f0a   0x00000002   PAD
    0x08001f0c   0x08001f0c   0x00000014   Code   RO         3403    i.delay_us          delay.o
    0x08001f20   0x08001f20   0x00000010   Code   RO         3308    i.fputc             debug_x.o
    0x08001f30   0x08001f30   0x000000a8   Code   RO         3213    i.get_data_analyze  com_x.o
    0x08001fd8   0x08001fd8   0x0000000a   Code   RO         3127    i.main              main.o
    0x08001fe2   0x08001fe2   0x00000002   PAD
    0x08001fe4   0x08001fe4   0x00000094   Code   RO         3173    i.test002           test002.o
    0x08002078   0x08002078   0x00000028   Data   RO         3453    .constdata          c_w.l(_printf_hex_int.o)
    0x080020a0   0x080020a0   0x00000011   Data   RO         3483    .constdata          c_w.l(__printf_flags_wp.o)
    0x080020b1   0x080020b1   0x00000004   Data   RO         3536    .constdata          c_w.l(sys_io.o)
    0x080020b5   0x080020b5   0x00000004   Data   RO         3537    .constdata          c_w.l(sys_io.o)
    0x080020b9   0x080020b9   0x00000004   Data   RO         3538    .constdata          c_w.l(sys_io.o)
    0x080020bd   0x080020bd   0x00000003   PAD
    0x080020c0   0x080020c0   0x00000020   Data   RO         3817    Region$$Table       anon$$obj.o


    Execution Region RW_IRAM1 (Exec base: 0x20000000, Load base: 0x080020e0, Size: 0x00000ad0, Max: 0x00005000, ABSOLUTE)

    Exec Addr    Load Addr    Size         Type   Attr      Idx    E Section Name        Object

    0x20000000   0x080020e0   0x00000014   Data   RW         1697    .data               stm32f10x_rcc.o
    0x20000014   0x080020f4   0x00000014   Data   RW         3078    .data               system_stm32f10x.o
    0x20000028   0x08002108   0x00000006   Data   RW         3404    .data               delay.o
    0x2000002e   0x0800210e   0x00000002   PAD
    0x20000030   0x08002110   0x00000004   Data   RW         3507    .data               c_w.l(stdio_streams.o)
    0x20000034   0x08002114   0x00000004   Data   RW         3508    .data               c_w.l(stdio_streams.o)
    0x20000038   0x08002118   0x00000004   Data   RW         3509    .data               c_w.l(stdio_streams.o)
    0x2000003c        -       0x000000e4   Zero   RW         3214    .bss                com_x.o
    0x20000120        -       0x00000250   Zero   RW         3309    .bss                debug_x.o
    0x20000370        -       0x00000054   Zero   RW         3504    .bss                c_w.l(stdio_streams.o)
    0x200003c4        -       0x00000054   Zero   RW         3505    .bss                c_w.l(stdio_streams.o)
    0x20000418        -       0x00000054   Zero   RW         3506    .bss                c_w.l(stdio_streams.o)
    0x2000046c        -       0x00000060   Zero   RW         3689    .bss                c_w.l(libspace.o)
    0x200004cc   0x0800211c   0x00000004   PAD
    0x200004d0        -       0x00000200   Zero   RW         3068    HEAP                startup_stm32f10x_md.o
    0x200006d0        -       0x00000400   Zero   RW         3067    STACK               startup_stm32f10x_md.o


==============================================================================

Image component sizes


      Code (inc. data)   RO Data    RW Data    ZI Data      Debug   Object Name

      1298        136          0          0        228       9051   com_x.o
         0          0          0          0          0       4540   core_cm3.o
       970         82          0          0        592       9579   debug_x.o
       210         32          0          6          0      17360   delay.o
        10          0          0          0          0        403   main.o
       132         22          0          0          0     238971   misc.o
        64         26        236          0       1536        768   startup_stm32f10x_md.o
       514         26          0          0          0       5164   stm32f10x_dma.o
       278          0          0          0          0       1824   stm32f10x_gpio.o
       308         38          0         20          0       4614   stm32f10x_rcc.o
       426          6          0          0          0       5137   stm32f10x_usart.o
       492         50          0         20          0       2561   system_stm32f10x.o
       148        100          0          0          0        398   test002.o

    ----------------------------------------------------------------------
      4858        518        268         48       2356     300370   Object Totals
         0          0         32          0          0          0   (incl. Generated)
         8          0          0          2          0          0   (incl. Padding)

    ----------------------------------------------------------------------

      Code (inc. data)   RO Data    RW Data    ZI Data      Debug   Library Member Name

         8          0          0          0          0         68   __main.o
       312          4         17          0          0         92   __printf_flags_wp.o
        14          0          0          0          0         68   __printf_wp.o
         0          0          0          0          0          0   __rtentry.o
        12          0          0          0          0          0   __rtentry2.o
         6          0          0          0          0          0   __rtentry4.o
        52          8          0          0          0          0   __scatter.o
        26          0          0          0          0          0   __scatter_copy.o
        28          0          0          0          0          0   __scatter_zi.o
        48          6          0          0          0         96   _printf_char_common.o
        36          4          0          0          0         80   _printf_char_file.o
        88          4         40          0          0         88   _printf_hex_int.o
       178          0          0          0          0         88   _printf_intcommon.o
        78          0          0          0          0        108   _printf_pad.o
         0          0          0          0          0          0   _printf_percent.o
         4          0          0          0          0          0   _printf_percent_end.o
         6          0          0          0          0          0   _printf_x.o
        10          0          0          0          0         68   defsig_exit.o
        50          0          0          0          0         88   defsig_general.o
        80         58          0          0          0         76   defsig_rtmem_inner.o
        14          0          0          0          0         80   defsig_rtmem_outer.o
        52         38          0          0          0         76   defsig_rtred_inner.o
        14          0          0          0          0         80   defsig_rtred_outer.o
        18          0          0          0          0         80   exit.o
        76          0          0          0          0         88   fclose.o
         8          0          0          0          0         68   ferror.o
       236          4          0          0          0        128   fopen.o
       248          6          0          0          0         84   fseek.o
        66          0          0          0          0         76   ftell.o
        94          0          0          0          0         80   h1_alloc.o
        52          0          0          0          0         68   h1_extend.o
        78          0          0          0          0         80   h1_free.o
        14          0          0          0          0         84   h1_init.o
         6          0          0          0          0        152   heapauxi.o
         4          0          0          0          0        136   hguard.o
         0          0          0          0          0          0   indicate_semi.o
       138          0          0          0          0        168   init_alloc.o
       312         46          0          0          0        112   initio.o
         2          0          0          0          0          0   libinit.o
        14          0          0          0          0          0   libinit2.o
         2          0          0          0          0          0   libshutdown.o
         6          0          0          0          0          0   libshutdown2.o
         8          4          0          0         96         68   libspace.o
         0          0          0          0          0          0   maybetermalloc1.o
        24          4          0          0          0         84   noretval__2printf.o
         8          4          0          0          0         68   rt_errno_addr_intlibspace.o
         8          4          0          0          0         68   rt_heap_descriptor_intlibspace.o
        78          0          0          0          0         80   rt_memclr_w.o
         2          0          0          0          0          0   rtexit.o
        10          0          0          0          0          0   rtexit2.o
        70          0          0          0          0         80   setvbuf.o
       240          6          0          0          0        156   stdio.o
         0          0          0         12        252          0   stdio_streams.o
        62          0          0          0          0         76   strlen.o
        12          4          0          0          0         68   sys_exit.o
       102          0         12          0          0        240   sys_io.o
        74          0          0          0          0         80   sys_stackheap_outer.o
        14          0          0          0          0         76   sys_wrch.o
         2          0          0          0          0         68   use_no_semi.o

    ----------------------------------------------------------------------
      3218        204         72         12        352       3772   Library Totals
        14          0          3          0          4          0   (incl. Padding)

    ----------------------------------------------------------------------

      Code (inc. data)   RO Data    RW Data    ZI Data      Debug   Library Name

      3204        204         69         12        348       3772   c_w.l

    ----------------------------------------------------------------------
      3218        204         72         12        352       3772   Library Totals

    ----------------------------------------------------------------------

==============================================================================


      Code (inc. data)   RO Data    RW Data    ZI Data      Debug   

      8076        722        340         60       2708     299302   Grand Totals
      8076        722        340         60       2708     299302   ELF Image Totals
      8076        722        340         60          0          0   ROM Totals

==============================================================================

    Total RO  Size (Code + RO Data)                 8416 (   8.22kB)
    Total RW  Size (RW Data + ZI Data)              2768 (   2.70kB)
    Total ROM Size (Code + RO Data + RW Data)       8476 (   8.28kB)

==============================================================================

